Worker start: branch=c0, seed=123, budget=20/6/40/24
Compiling Julia backend...
┌ Warning: #= C:\Users\liuzi\.julia\packages\DynamicExpressions\gNHdy\ext\DynamicExpressionsLoopVectorizationExt.jl:77 =#:
│ `LoopVectorization.check_args` on your inputs failed; running fallback `@inbounds @fastmath` loop instead.
│ Use `warn_check_args=false`, e.g. `@turbo warn_check_args=false ...`, to disable this warning.
└ @ DynamicExpressionsLoopVectorizationExt C:\Users\liuzi\.julia\packages\LoopVectorization\Y0o9B\src\condense_loopset.jl:1166
┌ Warning: #= C:\Users\liuzi\.julia\packages\DynamicExpressions\gNHdy\ext\DynamicExpressionsLoopVectorizationExt.jl:212 =#:
│ `LoopVectorization.check_args` on your inputs failed; running fallback `@inbounds @fastmath` loop instead.
│ Use `warn_check_args=false`, e.g. `@turbo warn_check_args=false ...`, to disable this warning.
└ @ DynamicExpressionsLoopVectorizationExt C:\Users\liuzi\.julia\packages\LoopVectorization\Y0o9B\src\condense_loopset.jl:1166
┌ Warning: #= C:\Users\liuzi\.julia\packages\DynamicExpressions\gNHdy\ext\DynamicExpressionsLoopVectorizationExt.jl:142 =#:
│ `LoopVectorization.check_args` on your inputs failed; running fallback `@inbounds @fastmath` loop instead.
│ Use `warn_check_args=false`, e.g. `@turbo warn_check_args=false ...`, to disable this warning.
└ @ DynamicExpressionsLoopVectorizationExt C:\Users\liuzi\.julia\packages\LoopVectorization\Y0o9B\src\condense_loopset.jl:1166
┌ Warning: #= C:\Users\liuzi\.julia\packages\DynamicExpressions\gNHdy\ext\DynamicExpressionsLoopVectorizationExt.jl:66 =#:
│ `LoopVectorization.check_args` on your inputs failed; running fallback `@inbounds @fastmath` loop instead.
│ Use `warn_check_args=false`, e.g. `@turbo warn_check_args=false ...`, to disable this warning.
└ @ DynamicExpressionsLoopVectorizationExt C:\Users\liuzi\.julia\packages\LoopVectorization\Y0o9B\src\condense_loopset.jl:1166
┌ Warning: #= C:\Users\liuzi\.julia\packages\DynamicExpressions\gNHdy\ext\DynamicExpressionsLoopVectorizationExt.jl:152 =#:
│ `LoopVectorization.check_args` on your inputs failed; running fallback `@inbounds @fastmath` loop instead.
│ Use `warn_check_args=false`, e.g. `@turbo warn_check_args=false ...`, to disable this warning.
└ @ DynamicExpressionsLoopVectorizationExt C:\Users\liuzi\.julia\packages\LoopVectorization\Y0o9B\src\condense_loopset.jl:1166
┌ Warning: #= C:\Users\liuzi\.julia\packages\DynamicExpressions\gNHdy\ext\DynamicExpressionsLoopVectorizationExt.jl:187 =#:
│ `LoopVectorization.check_args` on your inputs failed; running fallback `@inbounds @fastmath` loop instead.
│ Use `warn_check_args=false`, e.g. `@turbo warn_check_args=false ...`, to disable this warning.
└ @ DynamicExpressionsLoopVectorizationExt C:\Users\liuzi\.julia\packages\LoopVectorization\Y0o9B\src\condense_loopset.jl:1166
┌ Warning: #= C:\Users\liuzi\.julia\packages\DynamicExpressions\gNHdy\ext\DynamicExpressionsLoopVectorizationExt.jl:87 =#:
│ `LoopVectorization.check_args` on your inputs failed; running fallback `@inbounds @fastmath` loop instead.
│ Use `warn_check_args=false`, e.g. `@turbo warn_check_args=false ...`, to disable this warning.
└ @ DynamicExpressionsLoopVectorizationExt C:\Users\liuzi\.julia\packages\LoopVectorization\Y0o9B\src\condense_loopset.jl:1166
┌ Warning: #= C:\Users\liuzi\.julia\packages\DynamicExpressions\gNHdy\ext\DynamicExpressionsLoopVectorizationExt.jl:161 =#:
│ `LoopVectorization.check_args` on your inputs failed; running fallback `@inbounds @fastmath` loop instead.
│ Use `warn_check_args=false`, e.g. `@turbo warn_check_args=false ...`, to disable this warning.
└ @ DynamicExpressionsLoopVectorizationExt C:\Users\liuzi\.julia\packages\LoopVectorization\Y0o9B\src\condense_loopset.jl:1166
┌ Warning: #= C:\Users\liuzi\.julia\packages\DynamicExpressions\gNHdy\ext\DynamicExpressionsLoopVectorizationExt.jl:114 =#:
│ `LoopVectorization.check_args` on your inputs failed; running fallback `@inbounds @fastmath` loop instead.
│ Use `warn_check_args=false`, e.g. `@turbo warn_check_args=false ...`, to disable this warning.
└ @ DynamicExpressionsLoopVectorizationExt C:\Users\liuzi\.julia\packages\LoopVectorization\Y0o9B\src\condense_loopset.jl:1166
[ Info: Started!

Expressions evaluated per second: 2.000e+03
Progress: 89 / 120 total iterations (74.167%)
════════════════════════════════════════════════════════════════════════════════════════════════════
───────────────────────────────────────────────────────────────────────────────────────────────────
Complexity  Loss       Score      Equation
1           3.696e-02  0.000e+00  y = 0.36895
3           2.495e-02  1.965e-01  y = log10_k0_prime__sobol_mod * -0.10032
4           2.172e-02  1.385e-01  y = sqrt(-0.046871 * log10_k0_prime__sobol_mod)
5           1.871e-02  1.494e-01  y = -0.77053 / (1.029 - log10_f)
6           1.615e-02  1.469e-01  y = log((0.98126 - log10_lambda_prime) / log10_f)
7           1.474e-02  9.160e-02  y = -0.63008 / ((1.5254 - log10_f) * 1.021)
8           1.297e-02  1.276e-01  y = sqrt(0.14465 / sqrt(sqrt(alpha_infinity__sobol_mod - l...
                                      og10_lambda__sobol_mod)))
9           1.179e-02  9.538e-02  y = sqrt(0.28878 / sqrt((log10_lambda__sobol_mod / -0.1888...
                                      7) + 0.11627))
11          1.146e-02  1.435e-02  y = (0.082468 / sqrt(sqrt(log10_lambda__sobol_mod * -0.248...
                                      24) + 0.060891)) / 0.31187
13          1.089e-02  2.570e-02  y = sqrt(sqrt(0.074357 / ((log10_lambda__sobol_mod / -0.39...
                                      487) + ((-0.46906 - log10_sigma__sobol_mod) / log10_k0_pri...
                                      me__sobol_mod))))
17          1.076e-02  2.857e-03  y = sqrt(sqrt(0.091589 / ((log10_lambda__sobol_mod / -0.33...
                                      759) + (((log10_lambda__sobol_mod * 0.91219) - (log10_sigm...
                                      a__sobol_mod - -0.83696)) / log10_k0_prime__sobol_mod))))
19          1.074e-02  1.133e-03  y = sqrt(sqrt(0.10598 / (((log10_lambda__sobol_mod / -1.07...
                                      11) + (log10_lambda__sobol_mod * -0.78602)) + ((-0.63149 -...
                                       log10_sigma__sobol_mod) / log10_k0_prime__sobol_mod)))) +...
                                       -0.052129
───────────────────────────────────────────────────────────────────────────────────────────────────
════════════════════════════════════════════════════════════════════════════════════════════════════
Press 'q' and then <enter> to stop execution early.
[ Info: Final population:
───────────────────────────────────────────────────────────────────────────────────────────────────
Complexity  Loss       Score      Equation
1           3.696e-02  0.000e+00  y = 0.36895
3           2.495e-02  1.965e-01  y = log10_k0_prime__sobol_mod * -0.10032
4           1.191e-02  7.391e-01  y = log(log10_sigma / log10_f)
9           1.179e-02  2.048e-03  y = sqrt(0.28878 / sqrt((log10_lambda__sobol_mod / -0.1888...
                                      7) + 0.11627))
11          1.146e-02  1.435e-02  y = (0.082468 / sqrt(sqrt(log10_lambda__sobol_mod * -0.248...
                                      24) + 0.060891)) / 0.31187
13          1.089e-02  2.570e-02  y = sqrt(sqrt(0.074357 / ((log10_lambda__sobol_mod / -0.39...
                                      487) + ((-0.46906 - log10_sigma__sobol_mod) / log10_k0_pri...
                                      me__sobol_mod))))
15          1.081e-02  3.594e-03  y = sqrt(0.30852 / sqrt((log10_lambda__sobol_mod / -0.2828...
                                      1) + (((log10_lambda * 0.19891) - log10_sigma__sobol_mod) ...
                                      / log10_k0_prime__sobol_mod)))
17          1.076e-02  2.121e-03  y = sqrt(sqrt(0.091589 / ((log10_lambda__sobol_mod / -0.33...
                                      759) + (((log10_lambda__sobol_mod * 0.91219) - (log10_sigm...
                                      a__sobol_mod - -0.83696)) / log10_k0_prime__sobol_mod))))
19          1.072e-02  2.072e-03  y = sqrt(sqrt(0.096161 / (((log10_lambda__sobol_mod * -0.9...
                                      5876) + (log10_lambda__sobol_mod * -0.65736)) + ((-0.74074...
                                       - log10_sigma__sobol_mod) / log10_k0_prime__sobol_mod))) ...
                                      + -0.030613)
───────────────────────────────────────────────────────────────────────────────────────────────────
[ Info: Results saved to:
  - C:/MasterThesis_Project_R/surrogate_model/global_symbolic_regression/artifacts/F3/F3-C/20260817T115632/runs/c0/seed_123/pysr_runs\f3c_c0_s123\hall_of_fame.csv
Worker complete: branch=c0, seed=123, validation_RMSE=0.099418537, selected=9, complexity=19, fit_seconds=27.5
