C:\MasterThesis_Project_R\surrogate_model\segmented_symbolic_regression\.venv_py311\Lib\site-packages\pysr\sr.py:2265: UserWarning: Note: you are running with more than 10,000 datapoints. You should consider turning on batching (https://ai.damtp.cam.ac.uk/pysr/options/#batching). You should also reconsider if you need that many datapoints. Unless you have a large amount of noise (in which case you should smooth your dataset first), generally < 10,000 datapoints is enough to find a functional form with symbolic regression. More datapoints will lower the search speed.
  warnings.warn(
Compiling Julia backend...
[ Info: Note: you are running with more than 10,000 datapoints. You should consider turning on batching (`options.batching`), and also if you need that many datapoints. Unless you have a large amount of noise (in which case you should smooth your dataset first), generally < 10,000 datapoints is enough to find a functional form.
[ Info: Started!
[ Info: Final population:
[ Info: Results saved to:
C:\MasterThesis_Project_R\surrogate_model\segmented_symbolic_regression\.venv_py311\Lib\site-packages\pysr\sr.py:2265: UserWarning: Note: you are running with more than 10,000 datapoints. You should consider turning on batching (https://ai.damtp.cam.ac.uk/pysr/options/#batching). You should also reconsider if you need that many datapoints. Unless you have a large amount of noise (in which case you should smooth your dataset first), generally < 10,000 datapoints is enough to find a functional form with symbolic regression. More datapoints will lower the search speed.
  warnings.warn(
Compiling Julia backend...
[ Info: Note: you are running with more than 10,000 datapoints. You should consider turning on batching (`options.batching`), and also if you need that many datapoints. Unless you have a large amount of noise (in which case you should smooth your dataset first), generally < 10,000 datapoints is enough to find a functional form.
[ Info: Started!
[ Info: Final population:
[ Info: Results saved to:
C:\MasterThesis_Project_R\surrogate_model\segmented_symbolic_regression\.venv_py311\Lib\site-packages\pysr\sr.py:2265: UserWarning: Note: you are running with more than 10,000 datapoints. You should consider turning on batching (https://ai.damtp.cam.ac.uk/pysr/options/#batching). You should also reconsider if you need that many datapoints. Unless you have a large amount of noise (in which case you should smooth your dataset first), generally < 10,000 datapoints is enough to find a functional form with symbolic regression. More datapoints will lower the search speed.
  warnings.warn(
Compiling Julia backend...
[ Info: Note: you are running with more than 10,000 datapoints. You should consider turning on batching (`options.batching`), and also if you need that many datapoints. Unless you have a large amount of noise (in which case you should smooth your dataset first), generally < 10,000 datapoints is enough to find a functional form.
[ Info: Started!
[ Info: Final population:
[ Info: Results saved to:
C:\MasterThesis_Project_R\surrogate_model\segmented_symbolic_regression\.venv_py311\Lib\site-packages\pysr\sr.py:2265: UserWarning: Note: you are running with more than 10,000 datapoints. You should consider turning on batching (https://ai.damtp.cam.ac.uk/pysr/options/#batching). You should also reconsider if you need that many datapoints. Unless you have a large amount of noise (in which case you should smooth your dataset first), generally < 10,000 datapoints is enough to find a functional form with symbolic regression. More datapoints will lower the search speed.
  warnings.warn(
Compiling Julia backend...
[ Info: Note: you are running with more than 10,000 datapoints. You should consider turning on batching (`options.batching`), and also if you need that many datapoints. Unless you have a large amount of noise (in which case you should smooth your dataset first), generally < 10,000 datapoints is enough to find a functional form.
[ Info: Started!
[ Info: Final population:
[ Info: Results saved to:
