
[C1] C:\MasterThesis_Project_R\surrogate_model\segmented_symbolic_regression\.venv_py311\Scripts\python.exe C:\MasterThesis_Project_R\surrogate_model\global_symbolic_regression\train_global_symbolic_model.py --output-dir C:\MasterThesis_Project_R\surrogate_model\global_symbolic_regression\artifacts\re\train\20260816_perf_seed42_c1 --target re --dataset-run run1 --feature-branch sobol_modulated --random-seed 42 --niterations 10 --populations 6 --population-size 40 --maxsize 24 --model-selection best --validation-only --batching --batch-size 4096 --turbo --parallelism multithreading --julia-threads 8 --no-deterministic

Training global model: global_100_4950 (100.00-4950.00 Hz), train/validation/test rows=89600/19200/inaccessible

Global PySR training complete.
    global_name  complexity  validation_rmse
global_100_4950           4         0.104508
Artifacts saved to: C:\MasterThesis_Project_R\surrogate_model\global_symbolic_regression\artifacts\re\train\20260816_perf_seed42_c1
───────────────────────────────────────────────────────────────────────────────────────────────────
Complexity  Loss       Score      Equation
1           3.696e-02  0.000e+00  y = 0.36901
4           1.191e-02  3.774e-01  y = log(log10_sigma / log10_f)
15          1.127e-02  5.045e-03  y = ((-1.8239 / ((((log10_lambda__sobol_mod / log10_k0_pri...
                                      me__sobol_mod) * -5.2419) / 0.022165) + log10_k0_prime)) /...
                                       0.40523) + 0.27125
17          1.071e-02  2.541e-02  y = ((-3.1074 / (log10_k0_prime + ((((log10_lambda__sobol_...
                                      mod / log10_k0_prime__sobol_mod) * -7.9461) / 0.013668) + ...
                                      0.028367))) / 0.61174) + 0.28966
───────────────────────────────────────────────────────────────────────────────────────────────────
  - C:/MasterThesis_Project_R/surrogate_model/global_symbolic_regression/artifacts/re/train/20260816_perf_seed42_c1/pysr_runs/global_100_4950\global_100_4950\hall_of_fame.csv
Global symbolic candidate evaluation complete.
Candidate metrics: C:\MasterThesis_Project_R\surrogate_model\global_symbolic_regression\artifacts\re\eval\20260816_perf_seed42_c1_v\candidate_metrics.csv
Selected candidate: 4
Validation-only selected-formula metrics: RMSE=0.099731, MAE=0.075299, R2=0.724819; test rows were not accessed.
Figures saved to: C:\MasterThesis_Project_R\surrogate_model\global_symbolic_regression\artifacts\re\eval\20260816_perf_seed42_c1_v\figures

[C2] C:\MasterThesis_Project_R\surrogate_model\segmented_symbolic_regression\.venv_py311\Scripts\python.exe C:\MasterThesis_Project_R\surrogate_model\global_symbolic_regression\train_global_symbolic_model.py --output-dir C:\MasterThesis_Project_R\surrogate_model\global_symbolic_regression\artifacts\re\train\20260816_perf_seed42_c2 --target re --dataset-run run1 --feature-branch sobol_modulated --random-seed 42 --niterations 10 --populations 6 --population-size 40 --maxsize 24 --model-selection best --validation-only --batching --batch-size 4096 --turbo --parallelism multithreading --julia-threads 8 --no-deterministic

Training global model: global_100_4950 (100.00-4950.00 Hz), train/validation/test rows=89600/19200/inaccessible

Global PySR training complete.
    global_name  complexity  validation_rmse
global_100_4950           9         0.104209
Artifacts saved to: C:\MasterThesis_Project_R\surrogate_model\global_symbolic_regression\artifacts\re\train\20260816_perf_seed42_c2
───────────────────────────────────────────────────────────────────────────────────────────────────
Complexity  Loss       Score      Equation
1           3.696e-02  0.000e+00  y = 0.36899
4           3.123e-02  5.613e-02  y = sqrt(0.54604 / log10_f)
5           2.268e-02  3.198e-01  y = (log10_sigma - log10_f) / log10_sigma
8           1.700e-02  9.615e-02  y = 0.66485 / sqrt((log10_lambda__sobol_mod / -0.47988) - ...
                                      -0.81931)
9           1.180e-02  3.655e-01  y = 0.83765 / sqrt(sqrt((log10_lambda__sobol_mod / -0.0321...
                                      58) - -0.69878))
11          1.179e-02  4.038e-04  y = sqrt(sqrt(2.1066 / ((log10_lambda__sobol_mod / (-0.026...
                                      171 / log10_sigma__sobol_mod)) - log10_lambda_prime)))
15          1.163e-02  3.316e-03  y = sqrt(sqrt(0.75739 / ((log10_lambda__sobol_mod / (-0.12...
                                      233 / (log10_sigma__sobol_mod - -2.7046))) - (log10_sigma ...
                                      / log10_lambda))))
17          1.041e-02  5.531e-02  y = 0.67877 / sqrt(sqrt(((log10_lambda__sobol_mod / -0.235...
                                      54) / sqrt(log((-0.96142 - log10_sigma) * -0.19679))) - -0...
                                      .45199))
19          9.309e-03  5.602e-02  y = sqrt(0.78112 / sqrt(((log10_lambda__sobol_mod / -0.314...
                                      31) / log(sqrt(((2.5745 - log10_sigma) * -0.30926) - -0.50...
                                      859))) - -0.68911))
23          9.049e-03  7.069e-03  y = sqrt(sqrt(0.76459 / (((log10_lambda__sobol_mod / -0.27...
                                      552) / log(sqrt(((1.2808 - log10_sigma) * -0.29795) - -0.1...
                                      4904))) - ((log10_lambda_prime / log10_lambda) / -0.85747)...
                                      )))
───────────────────────────────────────────────────────────────────────────────────────────────────
  - C:/MasterThesis_Project_R/surrogate_model/global_symbolic_regression/artifacts/re/train/20260816_perf_seed42_c2/pysr_runs/global_100_4950\global_100_4950\hall_of_fame.csv
Global symbolic candidate evaluation complete.
Candidate metrics: C:\MasterThesis_Project_R\surrogate_model\global_symbolic_regression\artifacts\re\eval\20260816_perf_seed42_c2_v\candidate_metrics.csv
Selected candidate: 10
Validation-only selected-formula metrics: RMSE=0.090421, MAE=0.067671, R2=0.773799; test rows were not accessed.
Figures saved to: C:\MasterThesis_Project_R\surrogate_model\global_symbolic_regression\artifacts\re\eval\20260816_perf_seed42_c2_v\figures

C did not replay exactly; executing requested serial plan B fallback.

[B1] C:\MasterThesis_Project_R\surrogate_model\segmented_symbolic_regression\.venv_py311\Scripts\python.exe C:\MasterThesis_Project_R\surrogate_model\global_symbolic_regression\train_global_symbolic_model.py --output-dir C:\MasterThesis_Project_R\surrogate_model\global_symbolic_regression\artifacts\re\train\20260816_perf_seed42_b1 --target re --dataset-run run1 --feature-branch sobol_modulated --random-seed 42 --niterations 10 --populations 6 --population-size 40 --maxsize 24 --model-selection best --validation-only --batching --batch-size 4096 --turbo --parallelism serial --julia-threads 1 --deterministic

Training global model: global_100_4950 (100.00-4950.00 Hz), train/validation/test rows=89600/19200/inaccessible

Global PySR training complete.
    global_name  complexity  validation_rmse
global_100_4950           9          0.11147
Artifacts saved to: C:\MasterThesis_Project_R\surrogate_model\global_symbolic_regression\artifacts\re\train\20260816_perf_seed42_b1
───────────────────────────────────────────────────────────────────────────────────────────────────
Complexity  Loss       Score      Equation
1           3.696e-02  0.000e+00  y = 0.36975
4           3.019e-02  6.742e-02  y = 0.67942 / sqrt(log10_f)
6           3.016e-02  5.474e-04  y = sqrt(0.17542 / sqrt(sqrt(log10_sigma__sobol_mod)))
7           2.571e-02  1.597e-01  y = sqrt(sqrt((0.14164 / log10_sigma__sobol_mod) * 0.35021...
                                      ))
8           1.977e-02  2.625e-01  y = log(1.4432) / sqrt(sqrt(sqrt(sqrt(alpha_infinity__sobo...
                                      l_mod))))
9           1.301e-02  4.187e-01  y = -1.9794 / (((log10_k0_prime / log10_k0_prime__sobol_mo...
                                      d) - 0.74292) * log10_k0_prime__sobol_mod)
11          1.050e-02  1.071e-01  y = sqrt(sqrt(0.049151 / ((log10_k0_prime / log10_k0_prime...
                                      __sobol_mod) - (log10_lambda__sobol_mod + 0.9382))))
22          1.047e-02  2.889e-04  y = sqrt(sqrt((0.079683 / sqrt((log10_k0_prime / log10_k0_...
                                      prime__sobol_mod) - log10_lambda__sobol_mod)) / (((log10_k...
                                      0_prime / (log10_k0_prime__sobol_mod + log10_lambda__sobol...
                                      _mod)) - (log10_lambda__sobol_mod * 0.84326)) - 0.88642)))
24          1.038e-02  4.143e-03  y = sqrt(sqrt((0.079683 / sqrt((log10_k0_prime / log10_k0_...
                                      prime__sobol_mod) - (log10_lambda__sobol_mod * 1.5297))) /...
                                       (((log10_k0_prime / (log10_k0_prime__sobol_mod + log10_la...
                                      mbda__sobol_mod)) - (log10_lambda__sobol_mod * 0.84326)) -...
                                       0.88642)))
───────────────────────────────────────────────────────────────────────────────────────────────────
  - C:/MasterThesis_Project_R/surrogate_model/global_symbolic_regression/artifacts/re/train/20260816_perf_seed42_b1/pysr_runs/global_100_4950\global_100_4950\hall_of_fame.csv
Global symbolic candidate evaluation complete.
Candidate metrics: C:\MasterThesis_Project_R\surrogate_model\global_symbolic_regression\artifacts\re\eval\20260816_perf_seed42_b1_v\candidate_metrics.csv
Selected candidate: 9
Validation-only selected-formula metrics: RMSE=0.097903, MAE=0.073282, R2=0.734814; test rows were not accessed.
Figures saved to: C:\MasterThesis_Project_R\surrogate_model\global_symbolic_regression\artifacts\re\eval\20260816_perf_seed42_b1_v\figures

[B2] C:\MasterThesis_Project_R\surrogate_model\segmented_symbolic_regression\.venv_py311\Scripts\python.exe C:\MasterThesis_Project_R\surrogate_model\global_symbolic_regression\train_global_symbolic_model.py --output-dir C:\MasterThesis_Project_R\surrogate_model\global_symbolic_regression\artifacts\re\train\20260816_perf_seed42_b2 --target re --dataset-run run1 --feature-branch sobol_modulated --random-seed 42 --niterations 10 --populations 6 --population-size 40 --maxsize 24 --model-selection best --validation-only --batching --batch-size 4096 --turbo --parallelism serial --julia-threads 1 --deterministic

Training global model: global_100_4950 (100.00-4950.00 Hz), train/validation/test rows=89600/19200/inaccessible

Global PySR training complete.
    global_name  complexity  validation_rmse
global_100_4950           9          0.11147
Artifacts saved to: C:\MasterThesis_Project_R\surrogate_model\global_symbolic_regression\artifacts\re\train\20260816_perf_seed42_b2
───────────────────────────────────────────────────────────────────────────────────────────────────
Complexity  Loss       Score      Equation
1           3.696e-02  0.000e+00  y = 0.36975
4           3.019e-02  6.742e-02  y = 0.67942 / sqrt(log10_f)
6           3.016e-02  5.474e-04  y = sqrt(0.17542 / sqrt(sqrt(log10_sigma__sobol_mod)))
7           2.571e-02  1.597e-01  y = sqrt(sqrt((0.14164 / log10_sigma__sobol_mod) * 0.35021...
                                      ))
8           1.977e-02  2.625e-01  y = log(1.4432) / sqrt(sqrt(sqrt(sqrt(alpha_infinity__sobo...
                                      l_mod))))
9           1.301e-02  4.187e-01  y = -1.9794 / (((log10_k0_prime / log10_k0_prime__sobol_mo...
                                      d) - 0.74292) * log10_k0_prime__sobol_mod)
11          1.050e-02  1.071e-01  y = sqrt(sqrt(0.049151 / ((log10_k0_prime / log10_k0_prime...
                                      __sobol_mod) - (log10_lambda__sobol_mod + 0.9382))))
22          1.047e-02  2.889e-04  y = sqrt(sqrt((0.079683 / sqrt((log10_k0_prime / log10_k0_...
                                      prime__sobol_mod) - log10_lambda__sobol_mod)) / (((log10_k...
                                      0_prime / (log10_k0_prime__sobol_mod + log10_lambda__sobol...
                                      _mod)) - (log10_lambda__sobol_mod * 0.84326)) - 0.88642)))
24          1.038e-02  4.143e-03  y = sqrt(sqrt((0.079683 / sqrt((log10_k0_prime / log10_k0_...
                                      prime__sobol_mod) - (log10_lambda__sobol_mod * 1.5297))) /...
                                       (((log10_k0_prime / (log10_k0_prime__sobol_mod + log10_la...
                                      mbda__sobol_mod)) - (log10_lambda__sobol_mod * 0.84326)) -...
                                       0.88642)))
───────────────────────────────────────────────────────────────────────────────────────────────────
  - C:/MasterThesis_Project_R/surrogate_model/global_symbolic_regression/artifacts/re/train/20260816_perf_seed42_b2/pysr_runs/global_100_4950\global_100_4950\hall_of_fame.csv
Global symbolic candidate evaluation complete.
Candidate metrics: C:\MasterThesis_Project_R\surrogate_model\global_symbolic_regression\artifacts\re\eval\20260816_perf_seed42_b2_v\candidate_metrics.csv
Selected candidate: 9
Validation-only selected-formula metrics: RMSE=0.097903, MAE=0.073282, R2=0.734814; test rows were not accessed.
Figures saved to: C:\MasterThesis_Project_R\surrogate_model\global_symbolic_regression\artifacts\re\eval\20260816_perf_seed42_b2_v\figures
{
  "schema_version": 1,
  "decision": "fallback_to_B_exact_replay",
  "selection_rule": "Use C only if two clean same-seed runs have identical Hall-of-Fame CSV, selected equation, and validation metrics; otherwise use B.",
  "test_metrics_used": false,
  "runs": [
    {
      "variant": "C",
      "replicate": 1,
      "train_dir": "C:\\MasterThesis_Project_R\\surrogate_model\\global_symbolic_regression\\artifacts\\re\\train\\20260816_perf_seed42_c1",
      "eval_dir": "C:\\MasterThesis_Project_R\\surrogate_model\\global_symbolic_regression\\artifacts\\re\\eval\\20260816_perf_seed42_c1_v",
      "fit_wall_time_seconds": 54.10118290000173,
      "validation_rmse": 0.09973140277720492,
      "validation_mae": 0.07529859446277504,
      "validation_r2": 0.7248187725722997,
      "selected_candidate": 4,
      "selected_complexity": 17,
      "selected_equation": "((-3.1074324 / (log10_k0_prime + ((((log10_lambda__sobol_mod / log10_k0_prime__sobol_mod) * -7.9461374) / 0.013667979) + 0.028366622))) / 0.6117446) + 0.28965852",
      "equations_sha256": "1d64d0a8897f9f155097d32465098a4d9e15dea28ec715f8cf932805990a80be",
      "test_rows_accessed": false,
      "shared_split_hash": "cdd4e1c726bf5f980a911bc50ce3fd37d7e9023df3adee6f7de81e12a365d5f0"
    },
    {
      "variant": "C",
      "replicate": 2,
      "train_dir": "C:\\MasterThesis_Project_R\\surrogate_model\\global_symbolic_regression\\artifacts\\re\\train\\20260816_perf_seed42_c2",
      "eval_dir": "C:\\MasterThesis_Project_R\\surrogate_model\\global_symbolic_regression\\artifacts\\re\\eval\\20260816_perf_seed42_c2_v",
      "fit_wall_time_seconds": 20.608063200001197,
      "validation_rmse": 0.09042102029262367,
      "validation_mae": 0.06767141183261977,
      "validation_r2": 0.7737993989651962,
      "selected_candidate": 10,
      "selected_complexity": 23,
      "selected_equation": "sqrt(sqrt(0.76458836 / (((log10_lambda__sobol_mod / -0.27551606) / log(sqrt(((1.2808262 - log10_sigma) * -0.2979477) - -0.1490444))) - ((log10_lambda_prime / log10_lambda) / -0.8574676))))",
      "equations_sha256": "bbea447c4ff196bea0ad82ed4199166b6ab8ce2240eb7e16c06fc53a815bb654",
      "test_rows_accessed": false,
      "shared_split_hash": "cdd4e1c726bf5f980a911bc50ce3fd37d7e9023df3adee6f7de81e12a365d5f0"
    },
    {
      "variant": "B",
      "replicate": 1,
      "train_dir": "C:\\MasterThesis_Project_R\\surrogate_model\\global_symbolic_regression\\artifacts\\re\\train\\20260816_perf_seed42_b1",
      "eval_dir": "C:\\MasterThesis_Project_R\\surrogate_model\\global_symbolic_regression\\artifacts\\re\\eval\\20260816_perf_seed42_b1_v",
      "fit_wall_time_seconds": 23.243642700002965,
      "validation_rmse": 0.09790341220993852,
      "validation_mae": 0.07328235305389942,
      "validation_r2": 0.7348139923971784,
      "selected_candidate": 9,
      "selected_complexity": 24,
      "selected_equation": "sqrt(sqrt((0.0796826 / sqrt((log10_k0_prime / log10_k0_prime__sobol_mod) - (log10_lambda__sobol_mod * 1.529667))) / (((log10_k0_prime / (log10_k0_prime__sobol_mod + log10_lambda__sobol_mod)) - (log10_lambda__sobol_mod * 0.84325534)) - 0.886424)))",
      "equations_sha256": "7ed8cf946bacd377c27d59a33e3d69f90a19b2af9e61bc9f421d36c6a09154f2",
      "test_rows_accessed": false,
      "shared_split_hash": "cdd4e1c726bf5f980a911bc50ce3fd37d7e9023df3adee6f7de81e12a365d5f0"
    },
    {
      "variant": "B",
      "replicate": 2,
      "train_dir": "C:\\MasterThesis_Project_R\\surrogate_model\\global_symbolic_regression\\artifacts\\re\\train\\20260816_perf_seed42_b2",
      "eval_dir": "C:\\MasterThesis_Project_R\\surrogate_model\\global_symbolic_regression\\artifacts\\re\\eval\\20260816_perf_seed42_b2_v",
      "fit_wall_time_seconds": 22.432803499999864,
      "validation_rmse": 0.09790341220993852,
      "validation_mae": 0.07328235305389942,
      "validation_r2": 0.7348139923971784,
      "selected_candidate": 9,
      "selected_complexity": 24,
      "selected_equation": "sqrt(sqrt((0.0796826 / sqrt((log10_k0_prime / log10_k0_prime__sobol_mod) - (log10_lambda__sobol_mod * 1.529667))) / (((log10_k0_prime / (log10_k0_prime__sobol_mod + log10_lambda__sobol_mod)) - (log10_lambda__sobol_mod * 0.84325534)) - 0.886424)))",
      "equations_sha256": "7ed8cf946bacd377c27d59a33e3d69f90a19b2af9e61bc9f421d36c6a09154f2",
      "test_rows_accessed": false,
      "shared_split_hash": "cdd4e1c726bf5f980a911bc50ce3fd37d7e9023df3adee6f7de81e12a365d5f0"
    }
  ],
  "plan_c_replay": {
    "selected_equation_exact_match": false,
    "validation_metrics_exact_match": false,
    "hall_of_fame_csv_exact_match": false,
    "exact_replay": false,
    "validation_rmse_absolute_difference": 0.009310382484581256
  },
  "plan_b_replay": {
    "selected_equation_exact_match": true,
    "validation_metrics_exact_match": true,
    "hall_of_fame_csv_exact_match": true,
    "exact_replay": true,
    "validation_rmse_absolute_difference": 0.0
  }
}
