Worker start: stage=F3-F1, branch=formal_a, seed=42, budget=100/12/80/24
Compiling Julia backend...
┌ Warning: #= C:\Users\liuzi\.julia\packages\DynamicExpressions\gNHdy\ext\DynamicExpressionsLoopVectorizationExt.jl:142 =#:
│ `LoopVectorization.check_args` on your inputs failed; running fallback `@inbounds @fastmath` loop instead.
│ Use `warn_check_args=false`, e.g. `@turbo warn_check_args=false ...`, to disable this warning.
└ @ DynamicExpressionsLoopVectorizationExt C:\Users\liuzi\.julia\packages\LoopVectorization\Y0o9B\src\condense_loopset.jl:1166
┌ Warning: #= C:\Users\liuzi\.julia\packages\DynamicExpressions\gNHdy\ext\DynamicExpressionsLoopVectorizationExt.jl:212 =#:
│ `LoopVectorization.check_args` on your inputs failed; running fallback `@inbounds @fastmath` loop instead.
│ Use `warn_check_args=false`, e.g. `@turbo warn_check_args=false ...`, to disable this warning.
└ @ DynamicExpressionsLoopVectorizationExt C:\Users\liuzi\.julia\packages\LoopVectorization\Y0o9B\src\condense_loopset.jl:1166
┌ Warning: #= C:\Users\liuzi\.julia\packages\DynamicExpressions\gNHdy\ext\DynamicExpressionsLoopVectorizationExt.jl:187 =#:
│ `LoopVectorization.check_args` on your inputs failed; running fallback `@inbounds @fastmath` loop instead.
│ Use `warn_check_args=false`, e.g. `@turbo warn_check_args=false ...`, to disable this warning.
└ @ DynamicExpressionsLoopVectorizationExt C:\Users\liuzi\.julia\packages\LoopVectorization\Y0o9B\src\condense_loopset.jl:1166
┌ Warning: #= C:\Users\liuzi\.julia\packages\DynamicExpressions\gNHdy\ext\DynamicExpressionsLoopVectorizationExt.jl:152 =#:
│ `LoopVectorization.check_args` on your inputs failed; running fallback `@inbounds @fastmath` loop instead.
│ Use `warn_check_args=false`, e.g. `@turbo warn_check_args=false ...`, to disable this warning.
└ @ DynamicExpressionsLoopVectorizationExt C:\Users\liuzi\.julia\packages\LoopVectorization\Y0o9B\src\condense_loopset.jl:1166
┌ Warning: #= C:\Users\liuzi\.julia\packages\DynamicExpressions\gNHdy\ext\DynamicExpressionsLoopVectorizationExt.jl:161 =#:
│ `LoopVectorization.check_args` on your inputs failed; running fallback `@inbounds @fastmath` loop instead.
│ Use `warn_check_args=false`, e.g. `@turbo warn_check_args=false ...`, to disable this warning.
└ @ DynamicExpressionsLoopVectorizationExt C:\Users\liuzi\.julia\packages\LoopVectorization\Y0o9B\src\condense_loopset.jl:1166
┌ Warning: #= C:\Users\liuzi\.julia\packages\DynamicExpressions\gNHdy\ext\DynamicExpressionsLoopVectorizationExt.jl:87 =#:
│ `LoopVectorization.check_args` on your inputs failed; running fallback `@inbounds @fastmath` loop instead.
│ Use `warn_check_args=false`, e.g. `@turbo warn_check_args=false ...`, to disable this warning.
└ @ DynamicExpressionsLoopVectorizationExt C:\Users\liuzi\.julia\packages\LoopVectorization\Y0o9B\src\condense_loopset.jl:1166
┌ Warning: #= C:\Users\liuzi\.julia\packages\DynamicExpressions\gNHdy\ext\DynamicExpressionsLoopVectorizationExt.jl:77 =#:
│ `LoopVectorization.check_args` on your inputs failed; running fallback `@inbounds @fastmath` loop instead.
│ Use `warn_check_args=false`, e.g. `@turbo warn_check_args=false ...`, to disable this warning.
└ @ DynamicExpressionsLoopVectorizationExt C:\Users\liuzi\.julia\packages\LoopVectorization\Y0o9B\src\condense_loopset.jl:1166
┌ Warning: #= C:\Users\liuzi\.julia\packages\DynamicExpressions\gNHdy\ext\DynamicExpressionsLoopVectorizationExt.jl:66 =#:
│ `LoopVectorization.check_args` on your inputs failed; running fallback `@inbounds @fastmath` loop instead.
│ Use `warn_check_args=false`, e.g. `@turbo warn_check_args=false ...`, to disable this warning.
└ @ DynamicExpressionsLoopVectorizationExt C:\Users\liuzi\.julia\packages\LoopVectorization\Y0o9B\src\condense_loopset.jl:1166
┌ Warning: #= C:\Users\liuzi\.julia\packages\DynamicExpressions\gNHdy\ext\DynamicExpressionsLoopVectorizationExt.jl:114 =#:
│ `LoopVectorization.check_args` on your inputs failed; running fallback `@inbounds @fastmath` loop instead.
│ Use `warn_check_args=false`, e.g. `@turbo warn_check_args=false ...`, to disable this warning.
└ @ DynamicExpressionsLoopVectorizationExt C:\Users\liuzi\.julia\packages\LoopVectorization\Y0o9B\src\condense_loopset.jl:1166
[ Info: Started!

Expressions evaluated per second: 2.280e+03
Progress: 54 / 1200 total iterations (4.500%)
════════════════════════════════════════════════════════════════════════════════════════════════════
───────────────────────────────────────────────────────────────────────────────────────────────────
Complexity  Loss       Score      Equation
1           5.674e-03  0.000e+00  y = 0.00014331
3           4.282e-03  1.407e-01  y = z_sigma__f3_mid * 0.091198
5           4.282e-03  3.427e-06  y = (z_sigma__f3_mid * 0.091313) + 6.6957e-05
7           4.281e-03  1.340e-04  y = (z_sigma__f3_mid * -7.5139) / (z_sigma__f3_mid + -82.2...
                                      47)
13          4.280e-03  1.951e-05  y = ((z_sigma__f3_mid * -7.5139) / (z_sigma__f3_mid * ((z_...
                                      sigma__f3_mid + z_sigma__f3_mid) + -82.247))) * z_sigma__f...
                                      3_mid
19          4.280e-03  7.381e-06  y = -0.63084 / ((1.0922 - z_sigma__f3_mid) - (((((z_sigma_...
                                      _f3_mid / -0.015063) * -0.10217) / (z_sigma__f3_mid * z_si...
                                      gma__f3_mid)) - z_sigma__f3_mid) + 0.87101))
───────────────────────────────────────────────────────────────────────────────────────────────────
════════════════════════════════════════════════════════════════════════════════════════════════════
Press 'q' and then <enter> to stop execution early.

Expressions evaluated per second: 2.210e+03
Progress: 104 / 1200 total iterations (8.667%)
════════════════════════════════════════════════════════════════════════════════════════════════════
───────────────────────────────────────────────────────────────────────────────────────────────────
Complexity  Loss       Score      Equation
1           5.674e-03  0.000e+00  y = 0.00026318
3           4.282e-03  1.407e-01  y = z_sigma__f3_mid * 0.091198
5           4.282e-03  3.427e-06  y = (z_sigma__f3_mid * 0.091313) + 6.6957e-05
7           4.281e-03  1.340e-04  y = (z_sigma__f3_mid * -7.5139) / (z_sigma__f3_mid + -82.2...
                                      47)
9           4.280e-03  5.854e-05  y = (z_sigma__f3_mid * -7.5139) / (z_sigma__f3_mid + (z_si...
                                      gma__f3_mid + -82.247))
13          4.280e-03  1.939e-05  y = (-7.0893 / ((z_sigma__f3_mid + (-137.95 / z_sigma__f3_...
                                      mid)) + (z_sigma__f3_mid * z_sigma__f3_mid))) / 0.56488
15          4.279e-03  4.831e-05  y = (-7.0903 / (z_sigma__f3_mid + ((-137.95 / z_sigma__f3_...
                                      mid) + ((z_sigma__f3_mid * z_sigma__f3_mid) - -1.4546)))) ...
                                      / 0.55362
23          4.279e-03  2.188e-05  y = 0.25186 / ((-0.084981 / (-1.479 / (z_sigma__f3_mid - 0...
                                      .61247))) + (((z_sigma__f3_mid * ((2.4405 / z_sigma__f3_mi...
                                      d) * (z_sigma__f3_mid / z_sigma__f3_mid))) + 0.23274) / z_...
                                      sigma__f3_mid))
───────────────────────────────────────────────────────────────────────────────────────────────────
════════════════════════════════════════════════════════════════════════════════════════════════════
Press 'q' and then <enter> to stop execution early.

Expressions evaluated per second: 2.070e+03
Progress: 143 / 1200 total iterations (11.917%)
════════════════════════════════════════════════════════════════════════════════════════════════════
───────────────────────────────────────────────────────────────────────────────────────────────────
Complexity  Loss       Score      Equation
1           5.674e-03  0.000e+00  y = 0.00026318
3           4.282e-03  1.407e-01  y = z_sigma__f3_mid * 0.091198
5           4.282e-03  3.427e-06  y = (z_sigma__f3_mid * 0.091313) + 6.6957e-05
7           4.280e-03  1.997e-04  y = (z_sigma__f3_mid * -4.1964) / (z_sigma__f3_mid + -45.4...
                                      32)
9           4.280e-03  8.106e-06  y = z_sigma__f3_mid * (-7.5139 / ((z_sigma__f3_mid + z_sig...
                                      ma__f3_mid) + -81.655))
11          4.276e-03  4.903e-04  y = 0.22658 / ((((0.10202 / z_sigma__f3_mid) / z_sigma__f3...
                                      _mid) + 1.9827) / z_sigma__f3_mid)
12          4.259e-03  3.852e-03  y = 0.22658 / ((sqrt((0.10202 / z_sigma__f3_mid) / z_sigma...
                                      __f3_mid) + 1.9827) / z_sigma__f3_mid)
13          4.233e-03  6.125e-03  y = 0.12129 / (((((0.10202 / z_sigma__f3_mid) / z_sigma__f...
                                      3_mid) / 3.3312) + 1.3156) / z_sigma__f3_mid)
15          4.228e-03  5.918e-04  y = 0.12669 / (((((0.10197 / (z_sigma__f3_mid * 1.7308)) /...
                                       z_sigma__f3_mid) / 3.3312) + 1.3151) / z_sigma__f3_mid)
17          4.228e-03  7.212e-06  y = 0.59001 / (((((z_sigma__f3_mid * 0.058575) / (z_sigma_...
                                      _f3_mid * z_sigma__f3_mid)) / (z_sigma__f3_mid / 1.5875)) ...
                                      + 6.2095) / z_sigma__f3_mid)
18          3.702e-03  1.329e-01  y = ((-0.73854 - ((-0.73854 / sqrt(z_sigma__f3_mid * (0.48...
                                      794 * z_sigma__f3_mid))) / (6.9247 * 0.83361))) * z_sigma_...
                                      _f3_mid) / -6.7035
22          3.701e-03  7.634e-05  y = (z_sigma__f3_mid / -6.7035) * (-0.73854 - ((((-0.73854...
                                       / sqrt((z_sigma__f3_mid * 0.34913) * z_sigma__f3_mid)) + ...
                                      (z_sigma__f3_mid * 0.1486)) / 6.9247) * 0.83361))
24          3.610e-03  1.243e-02  y = (z_sigma__f3_mid / -4.102) * (-0.57038 - (((((z_sigma_...
                                      _f3_mid * z_sigma__f3_mid) * -0.2722) + (-0.66982 / sqrt((...
                                      z_sigma__f3_mid * 0.28648) * z_sigma__f3_mid))) / 13.658) ...
                                      * 1.3634))
───────────────────────────────────────────────────────────────────────────────────────────────────
════════════════════════════════════════════════════════════════════════════════════════════════════
Press 'q' and then <enter> to stop execution early.

Expressions evaluated per second: 2.260e+03
Progress: 208 / 1200 total iterations (17.333%)
════════════════════════════════════════════════════════════════════════════════════════════════════
───────────────────────────────────────────────────────────────────────────────────────────────────
Complexity  Loss       Score      Equation
1           5.674e-03  0.000e+00  y = 0.00026318
3           4.282e-03  1.407e-01  y = z_sigma__f3_mid * 0.091198
5           4.282e-03  3.427e-06  y = (z_sigma__f3_mid * 0.091313) + 6.6957e-05
7           4.280e-03  1.997e-04  y = (z_sigma__f3_mid * -4.1964) / (z_sigma__f3_mid + -45.4...
                                      32)
9           4.280e-03  8.106e-06  y = z_sigma__f3_mid * (-7.5139 / ((z_sigma__f3_mid + z_sig...
                                      ma__f3_mid) + -81.655))
11          4.230e-03  5.930e-03  y = 0.18771 / ((((0.038241 / z_sigma__f3_mid) / z_sigma__f...
                                      3_mid) + 1.9904) / z_sigma__f3_mid)
12          3.666e-03  1.429e-01  y = (z_sigma__f3_mid * ((0.15213 / sqrt(z_sigma__f3_mid * ...
                                      z_sigma__f3_mid)) - 0.65213)) / -5.131
14          3.641e-03  3.432e-03  y = ((((0.13614 / sqrt(z_sigma__f3_mid * z_sigma__f3_mid))...
                                       - 0.58056) * z_sigma__f3_mid) / -4.5554) + 0.0053555
20          3.585e-03  2.605e-03  y = ((-1.0182 - (((z_sigma__f3_mid * z_sigma__f3_mid) * -0...
                                      .088268) - (sqrt((1.7994 / z_sigma__f3_mid) / z_sigma__f3_...
                                      mid) / 6.9273))) * z_sigma__f3_mid) / -6.744
22          3.571e-03  1.945e-03  y = (-0.67796 - (((-0.12055 / sqrt((z_sigma__f3_mid * 0.88...
                                      751) * z_sigma__f3_mid)) + (z_sigma__f3_mid * (z_sigma__f3...
                                      _mid * -0.076004))) * 1.0515)) * (z_sigma__f3_mid / -4.187...
                                      6)
───────────────────────────────────────────────────────────────────────────────────────────────────
════════════════════════════════════════════════════════════════════════════════════════════════════
Press 'q' and then <enter> to stop execution early.

Expressions evaluated per second: 2.220e+03
Progress: 260 / 1200 total iterations (21.667%)
════════════════════════════════════════════════════════════════════════════════════════════════════
───────────────────────────────────────────────────────────────────────────────────────────────────
Complexity  Loss       Score      Equation
1           5.674e-03  0.000e+00  y = 0.00026318
3           4.282e-03  1.407e-01  y = z_sigma__f3_mid * 0.091198
5           4.282e-03  3.427e-06  y = (z_sigma__f3_mid * 0.091313) + 6.6957e-05
7           4.280e-03  1.997e-04  y = (z_sigma__f3_mid * -4.1964) / (z_sigma__f3_mid + -45.4...
                                      32)
9           4.280e-03  8.106e-06  y = z_sigma__f3_mid * (-7.5139 / ((z_sigma__f3_mid + z_sig...
                                      ma__f3_mid) + -81.655))
11          4.230e-03  5.930e-03  y = 0.18771 / ((((0.038241 / z_sigma__f3_mid) / z_sigma__f...
                                      3_mid) + 1.9904) / z_sigma__f3_mid)
12          3.666e-03  1.429e-01  y = (z_sigma__f3_mid * ((0.15213 / sqrt(z_sigma__f3_mid * ...
                                      z_sigma__f3_mid)) - 0.65213)) / -5.131
14          3.641e-03  3.432e-03  y = ((((0.13614 / sqrt(z_sigma__f3_mid * z_sigma__f3_mid))...
                                       - 0.58056) * z_sigma__f3_mid) / -4.5554) + 0.0053555
16          3.641e-03  1.001e-04  y = (((0.081617 / sqrt(z_sigma__f3_mid * z_sigma__f3_mid))...
                                       - 0.371) * z_sigma__f3_mid) / ((z_sigma__f3_mid * 0.28624...
                                      ) + -2.8119)
18          3.544e-03  1.340e-02  y = (((0.037109 / sqrt(z_sigma__f3_mid * z_sigma__f3_mid))...
                                       - 0.21403) * z_sigma__f3_mid) / ((z_sigma__f3_mid * (z_si...
                                      gma__f3_mid / -2.0331)) + -1.1376)
22          3.544e-03  1.383e-05  y = ((0.031757 / sqrt(z_sigma__f3_mid * z_sigma__f3_mid)) ...
                                      - 0.17163) * (z_sigma__f3_mid / ((((z_sigma__f3_mid * 0.49...
                                      675) / (-1.1904 / z_sigma__f3_mid)) - 0.49111) + -0.4191))
───────────────────────────────────────────────────────────────────────────────────────────────────
════════════════════════════════════════════════════════════════════════════════════════════════════
Press 'q' and then <enter> to stop execution early.

Expressions evaluated per second: 2.420e+03
Progress: 323 / 1200 total iterations (26.917%)
════════════════════════════════════════════════════════════════════════════════════════════════════
───────────────────────────────────────────────────────────────────────────────────────────────────
Complexity  Loss       Score      Equation
1           5.674e-03  0.000e+00  y = 0.00026318
3           4.282e-03  1.407e-01  y = z_sigma__f3_mid * 0.091198
5           4.282e-03  3.427e-06  y = (z_sigma__f3_mid * 0.091313) + 6.6957e-05
7           4.280e-03  1.997e-04  y = (z_sigma__f3_mid * -4.1964) / (z_sigma__f3_mid + -45.4...
                                      32)
9           4.280e-03  8.106e-06  y = z_sigma__f3_mid * (-7.5139 / ((z_sigma__f3_mid + z_sig...
                                      ma__f3_mid) + -81.655))
11          4.229e-03  6.039e-03  y = 0.18771 / ((((0.031349 / z_sigma__f3_mid) / z_sigma__f...
                                      3_mid) + 1.9904) / z_sigma__f3_mid)
12          3.645e-03  1.485e-01  y = (z_sigma__f3_mid * ((-0.030999 / sqrt(z_sigma__f3_mid ...
                                      * z_sigma__f3_mid)) - -0.12547)) + 0.0060327
14          3.641e-03  5.318e-04  y = ((((0.13614 / sqrt(z_sigma__f3_mid * z_sigma__f3_mid))...
                                       - 0.58056) * z_sigma__f3_mid) / -4.5554) + 0.0053555
16          3.641e-03  1.001e-04  y = (((0.081617 / sqrt(z_sigma__f3_mid * z_sigma__f3_mid))...
                                       - 0.371) * z_sigma__f3_mid) / ((z_sigma__f3_mid * 0.28624...
                                      ) + -2.8119)
18          3.544e-03  1.340e-02  y = ((0.037109 / sqrt(z_sigma__f3_mid * z_sigma__f3_mid)) ...
                                      - 0.21403) * (z_sigma__f3_mid / ((z_sigma__f3_mid * (z_sig...
                                      ma__f3_mid / -2.0331)) + -1.1376))
22          3.544e-03  1.381e-05  y = ((0.031757 / sqrt(z_sigma__f3_mid * z_sigma__f3_mid)) ...
                                      - 0.17163) * (z_sigma__f3_mid / ((((z_sigma__f3_mid * 0.49...
                                      675) / (-1.1904 / z_sigma__f3_mid)) - 0.49111) + -0.4191))
24          3.538e-03  9.343e-04  y = (((0.022867 / sqrt(z_sigma__f3_mid * z_sigma__f3_mid))...
                                       - 0.13045) * z_sigma__f3_mid) / ((((z_sigma__f3_mid / ((-...
                                      1.8894 / z_sigma__f3_mid) + 0.67411)) * 0.60015) + -0.2204...
                                      5) - 0.46122)
───────────────────────────────────────────────────────────────────────────────────────────────────
════════════════════════════════════════════════════════════════════════════════════════════════════
Press 'q' and then <enter> to stop execution early.

Expressions evaluated per second: 2.460e+03
Progress: 369 / 1200 total iterations (30.750%)
════════════════════════════════════════════════════════════════════════════════════════════════════
───────────────────────────────────────────────────────────────────────────────────────────────────
Complexity  Loss       Score      Equation
1           5.674e-03  0.000e+00  y = 0.00026318
3           4.282e-03  1.407e-01  y = z_sigma__f3_mid * 0.091198
5           4.282e-03  3.427e-06  y = (z_sigma__f3_mid * 0.091313) + 6.6957e-05
7           4.280e-03  1.997e-04  y = (z_sigma__f3_mid * -4.1964) / (z_sigma__f3_mid + -45.4...
                                      32)
9           4.280e-03  8.106e-06  y = z_sigma__f3_mid * (-7.5139 / ((z_sigma__f3_mid + z_sig...
                                      ma__f3_mid) + -81.655))
11          4.229e-03  6.039e-03  y = 0.18771 / ((((0.031349 / z_sigma__f3_mid) / z_sigma__f...
                                      3_mid) + 1.9904) / z_sigma__f3_mid)
12          3.645e-03  1.485e-01  y = (z_sigma__f3_mid * ((-0.030999 / sqrt(z_sigma__f3_mid ...
                                      * z_sigma__f3_mid)) - -0.12547)) + 0.0060327
14          3.641e-03  5.318e-04  y = ((((0.13614 / sqrt(z_sigma__f3_mid * z_sigma__f3_mid))...
                                       - 0.58056) * z_sigma__f3_mid) / -4.5554) + 0.0053555
16          3.641e-03  1.001e-04  y = (((0.081617 / sqrt(z_sigma__f3_mid * z_sigma__f3_mid))...
                                       - 0.371) * z_sigma__f3_mid) / ((z_sigma__f3_mid * 0.28624...
                                      ) + -2.8119)
18          3.544e-03  1.344e-02  y = z_sigma__f3_mid * (((0.11601 / sqrt(z_sigma__f3_mid * ...
                                      z_sigma__f3_mid)) - 0.65422) / (((z_sigma__f3_mid / -0.612...
                                      02) * z_sigma__f3_mid) + -3.2799))
19          3.544e-03  8.810e-05  y = ((0.037109 / sqrt(z_sigma__f3_mid * z_sigma__f3_mid)) ...
                                      - 0.21403) * (z_sigma__f3_mid / ((sqrt(z_sigma__f3_mid * z...
                                      _sigma__f3_mid) / -2.0331) + -1.1376))
20          3.539e-03  1.279e-03  y = ((0.037109 / sqrt(z_sigma__f3_mid * z_sigma__f3_mid)) ...
                                      - 0.21403) * (z_sigma__f3_mid / ((z_sigma__f3_mid * ((z_si...
                                      gma__f3_mid + 0.23842) / -2.0331)) + -1.1376))
22          3.527e-03  1.765e-03  y = (z_sigma__f3_mid * ((0.022041 / sqrt(z_sigma__f3_mid *...
                                       z_sigma__f3_mid)) - 0.12939)) / (((z_sigma__f3_mid / ((-1...
                                      .2034 / z_sigma__f3_mid) + 0.29007)) * 0.46519) + -0.63855...
                                      )
───────────────────────────────────────────────────────────────────────────────────────────────────
════════════════════════════════════════════════════════════════════════════════════════════════════
Press 'q' and then <enter> to stop execution early.

Expressions evaluated per second: 2.340e+03
Progress: 421 / 1200 total iterations (35.083%)
════════════════════════════════════════════════════════════════════════════════════════════════════
───────────────────────────────────────────────────────────────────────────────────────────────────
Complexity  Loss       Score      Equation
1           5.674e-03  0.000e+00  y = 0.00026318
3           4.282e-03  1.407e-01  y = z_sigma__f3_mid * 0.091198
5           4.282e-03  3.427e-06  y = (z_sigma__f3_mid * 0.091313) + 6.6957e-05
7           4.280e-03  1.997e-04  y = (z_sigma__f3_mid * -4.1964) / (z_sigma__f3_mid + -45.4...
                                      32)
9           4.280e-03  8.106e-06  y = z_sigma__f3_mid * (-7.5139 / ((z_sigma__f3_mid + z_sig...
                                      ma__f3_mid) + -81.655))
11          4.229e-03  6.039e-03  y = 0.18771 / ((((0.031349 / z_sigma__f3_mid) / z_sigma__f...
                                      3_mid) + 1.9904) / z_sigma__f3_mid)
12          3.643e-03  1.490e-01  y = (((-0.029392 / sqrt(z_sigma__f3_mid * z_sigma__f3_mid)...
                                      ) - -0.12413) * z_sigma__f3_mid) - -0.0043553
14          3.641e-03  2.572e-04  y = ((((0.13614 / sqrt(z_sigma__f3_mid * z_sigma__f3_mid))...
                                       - 0.58056) * z_sigma__f3_mid) / -4.5554) + 0.0053555
16          3.640e-03  1.396e-04  y = (((0.081617 / sqrt(z_sigma__f3_mid * z_sigma__f3_mid))...
                                       - 0.371) * z_sigma__f3_mid) / ((z_sigma__f3_mid * 0.25647...
                                      ) + -2.8119)
18          3.544e-03  1.340e-02  y = z_sigma__f3_mid * (((0.11601 / sqrt(z_sigma__f3_mid * ...
                                      z_sigma__f3_mid)) - 0.65422) / (((z_sigma__f3_mid / -0.612...
                                      02) * z_sigma__f3_mid) + -3.2799))
19          3.544e-03  8.810e-05  y = ((0.037109 / sqrt(z_sigma__f3_mid * z_sigma__f3_mid)) ...
                                      - 0.21403) * (z_sigma__f3_mid / ((sqrt(z_sigma__f3_mid * z...
                                      _sigma__f3_mid) / -2.0331) + -1.1376))
20          3.531e-03  3.509e-03  y = ((z_sigma__f3_mid * ((0.033356 / sqrt(z_sigma__f3_mid ...
                                      * z_sigma__f3_mid)) - 0.17962)) / (((z_sigma__f3_mid * z_s...
                                      igma__f3_mid) / -2.8027) + -0.95838)) - -0.0032783
21          3.529e-03  6.059e-04  y = (((0.037109 / sqrt(z_sigma__f3_mid * z_sigma__f3_mid))...
                                       - 0.21403) * (z_sigma__f3_mid / ((sqrt(z_sigma__f3_mid * ...
                                      z_sigma__f3_mid) / -2.0331) + -1.1376))) - -0.0028464
22          3.523e-03  1.661e-03  y = ((z_sigma__f3_mid * ((0.037109 / sqrt(z_sigma__f3_mid ...
                                      * z_sigma__f3_mid)) - 0.21403)) / ((((0.28055 + z_sigma__f...
                                      3_mid) / -2.0331) * z_sigma__f3_mid) + -1.1376)) - -0.0028...
                                      464
───────────────────────────────────────────────────────────────────────────────────────────────────
════════════════════════════════════════════════════════════════════════════════════════════════════
Press 'q' and then <enter> to stop execution early.

Expressions evaluated per second: 2.570e+03
Progress: 491 / 1200 total iterations (40.917%)
════════════════════════════════════════════════════════════════════════════════════════════════════
───────────────────────────────────────────────────────────────────────────────────────────────────
Complexity  Loss       Score      Equation
1           5.674e-03  0.000e+00  y = 0.00026318
3           4.282e-03  1.407e-01  y = z_sigma__f3_mid * 0.091198
5           4.282e-03  3.427e-06  y = (z_sigma__f3_mid * 0.091313) + 6.6957e-05
7           4.280e-03  1.997e-04  y = (z_sigma__f3_mid * -4.1964) / (z_sigma__f3_mid + -45.4...
                                      32)
9           4.280e-03  8.106e-06  y = z_sigma__f3_mid * (-7.5139 / ((z_sigma__f3_mid + z_sig...
                                      ma__f3_mid) + -81.655))
10          3.668e-03  1.544e-01  y = z_sigma__f3_mid * ((-0.029392 / sqrt(z_sigma__f3_mid *...
                                       z_sigma__f3_mid)) - -0.12413)
12          3.643e-03  3.334e-03  y = (((-0.029392 / sqrt(z_sigma__f3_mid * z_sigma__f3_mid)...
                                      ) - -0.12413) * z_sigma__f3_mid) - -0.0043553
14          3.641e-03  2.572e-04  y = ((((0.13614 / sqrt(z_sigma__f3_mid * z_sigma__f3_mid))...
                                       - 0.58056) * z_sigma__f3_mid) / -4.5554) + 0.0053555
16          3.640e-03  1.396e-04  y = (((0.081617 / sqrt(z_sigma__f3_mid * z_sigma__f3_mid))...
                                       - 0.371) * z_sigma__f3_mid) / ((z_sigma__f3_mid * 0.25647...
                                      ) + -2.8119)
18          3.543e-03  1.353e-02  y = (-0.22671 - (-0.042079 / sqrt(z_sigma__f3_mid * z_sigm...
                                      a__f3_mid))) * (z_sigma__f3_mid / (((z_sigma__f3_mid * z_s...
                                      igma__f3_mid) / -2.0229) + -1.1974))
20          3.531e-03  1.693e-03  y = (z_sigma__f3_mid * (((0.033835 / sqrt(z_sigma__f3_mid ...
                                      * z_sigma__f3_mid)) - 0.1753) / (((z_sigma__f3_mid * z_sig...
                                      ma__f3_mid) / -2.8027) + -0.95894))) - -0.0039217
21          3.529e-03  5.446e-04  y = (((0.037109 / sqrt(z_sigma__f3_mid * z_sigma__f3_mid))...
                                       - 0.21403) * (z_sigma__f3_mid / ((sqrt(z_sigma__f3_mid * ...
                                      z_sigma__f3_mid) / -2.0331) + -1.1376))) - -0.0028464
22          3.523e-03  1.661e-03  y = ((z_sigma__f3_mid * ((0.037109 / sqrt(z_sigma__f3_mid ...
                                      * z_sigma__f3_mid)) - 0.21403)) / ((((0.28055 + z_sigma__f...
                                      3_mid) / -2.0331) * z_sigma__f3_mid) + -1.1376)) - -0.0028...
                                      464
───────────────────────────────────────────────────────────────────────────────────────────────────
════════════════════════════════════════════════════════════════════════════════════════════════════
Press 'q' and then <enter> to stop execution early.

Expressions evaluated per second: 2.430e+03
Progress: 530 / 1200 total iterations (44.167%)
════════════════════════════════════════════════════════════════════════════════════════════════════
───────────────────────────────────────────────────────────────────────────────────────────────────
Complexity  Loss       Score      Equation
1           5.674e-03  0.000e+00  y = 0.00026318
3           4.282e-03  1.407e-01  y = z_sigma__f3_mid * 0.091198
5           4.282e-03  3.427e-06  y = (z_sigma__f3_mid * 0.091313) + 6.6957e-05
7           4.280e-03  1.997e-04  y = (z_sigma__f3_mid * -4.1964) / (z_sigma__f3_mid + -45.4...
                                      32)
9           4.280e-03  8.166e-06  y = (z_sigma__f3_mid * -7.5139) / (z_sigma__f3_mid + (z_si...
                                      gma__f3_mid + -81.655))
10          3.668e-03  1.544e-01  y = z_sigma__f3_mid * ((-0.029392 / sqrt(z_sigma__f3_mid *...
                                       z_sigma__f3_mid)) - -0.12413)
12          3.643e-03  3.334e-03  y = (((-0.029392 / sqrt(z_sigma__f3_mid * z_sigma__f3_mid)...
                                      ) - -0.12413) * z_sigma__f3_mid) - -0.0043553
14          3.641e-03  2.572e-04  y = ((((0.13614 / sqrt(z_sigma__f3_mid * z_sigma__f3_mid))...
                                       - 0.58056) * z_sigma__f3_mid) / -4.5554) + 0.0053555
16          3.640e-03  1.396e-04  y = (((0.081617 / sqrt(z_sigma__f3_mid * z_sigma__f3_mid))...
                                       - 0.371) * z_sigma__f3_mid) / ((z_sigma__f3_mid * 0.25647...
                                      ) + -2.8119)
18          3.543e-03  1.353e-02  y = (-0.22671 - (-0.042079 / sqrt(z_sigma__f3_mid * z_sigm...
                                      a__f3_mid))) * (z_sigma__f3_mid / (((z_sigma__f3_mid * z_s...
                                      igma__f3_mid) / -2.0229) + -1.1974))
20          3.531e-03  1.693e-03  y = (z_sigma__f3_mid * (((0.033835 / sqrt(z_sigma__f3_mid ...
                                      * z_sigma__f3_mid)) - 0.1753) / (((z_sigma__f3_mid * z_sig...
                                      ma__f3_mid) / -2.8027) + -0.95894))) - -0.0039217
21          3.529e-03  5.446e-04  y = (((0.037109 / sqrt(z_sigma__f3_mid * z_sigma__f3_mid))...
                                       - 0.21403) * (z_sigma__f3_mid / ((sqrt(z_sigma__f3_mid * ...
                                      z_sigma__f3_mid) / -2.0331) + -1.1376))) - -0.0028464
22          3.523e-03  1.661e-03  y = ((z_sigma__f3_mid * ((0.037109 / sqrt(z_sigma__f3_mid ...
                                      * z_sigma__f3_mid)) - 0.21403)) / ((((0.28055 + z_sigma__f...
                                      3_mid) / -2.0331) * z_sigma__f3_mid) + -1.1376)) - -0.0028...
                                      464
24          3.503e-03  2.949e-03  y = (-0.098271 - (-0.014885 / sqrt(z_sigma__f3_mid * z_sig...
                                      ma__f3_mid))) * (z_sigma__f3_mid / ((z_sigma__f3_mid / (((...
                                      (z_sigma__f3_mid * z_sigma__f3_mid) / -1.0584) + -1.129) /...
                                       z_sigma__f3_mid)) + -0.38827))
───────────────────────────────────────────────────────────────────────────────────────────────────
════════════════════════════════════════════════════════════════════════════════════════════════════
Press 'q' and then <enter> to stop execution early.

Expressions evaluated per second: 2.560e+03
Progress: 611 / 1200 total iterations (50.917%)
════════════════════════════════════════════════════════════════════════════════════════════════════
───────────────────────────────────────────────────────────────────────────────────────────────────
Complexity  Loss       Score      Equation
1           5.674e-03  0.000e+00  y = 0.00026318
3           4.282e-03  1.407e-01  y = z_sigma__f3_mid * 0.091198
5           4.282e-03  3.427e-06  y = (z_sigma__f3_mid * 0.091313) + 6.6957e-05
7           4.280e-03  1.997e-04  y = (z_sigma__f3_mid * -4.1964) / (z_sigma__f3_mid + -45.4...
                                      32)
9           4.280e-03  8.166e-06  y = (z_sigma__f3_mid * -7.5139) / (z_sigma__f3_mid + (z_si...
                                      gma__f3_mid + -81.655))
10          3.668e-03  1.544e-01  y = z_sigma__f3_mid * ((-0.029392 / sqrt(z_sigma__f3_mid *...
                                       z_sigma__f3_mid)) - -0.12413)
12          3.643e-03  3.334e-03  y = (((-0.029392 / sqrt(z_sigma__f3_mid * z_sigma__f3_mid)...
                                      ) - -0.12413) * z_sigma__f3_mid) - -0.0043553
14          3.641e-03  2.572e-04  y = ((((0.13614 / sqrt(z_sigma__f3_mid * z_sigma__f3_mid))...
                                       - 0.58056) * z_sigma__f3_mid) / -4.5554) + 0.0053555
16          3.640e-03  1.396e-04  y = (((0.081617 / sqrt(z_sigma__f3_mid * z_sigma__f3_mid))...
                                       - 0.371) * z_sigma__f3_mid) / ((z_sigma__f3_mid * 0.25647...
                                      ) + -2.8119)
18          3.543e-03  1.353e-02  y = (-0.22671 - (-0.042079 / sqrt(z_sigma__f3_mid * z_sigm...
                                      a__f3_mid))) * (z_sigma__f3_mid / (((z_sigma__f3_mid * z_s...
                                      igma__f3_mid) / -2.0229) + -1.1974))
19          3.506e-03  1.043e-02  y = (((0.016573 / sqrt(z_sigma__f3_mid * z_sigma__f3_mid))...
                                       - 0.11741) * z_sigma__f3_mid) / ((sqrt(z_sigma__f3_mid * ...
                                      z_sigma__f3_mid) / -1.6857) + -0.42248)
23          3.498e-03  6.190e-04  y = (((0.045748 / sqrt(z_sigma__f3_mid * z_sigma__f3_mid))...
                                       - 0.2694) * (z_sigma__f3_mid / (((sqrt(z_sigma__f3_mid * ...
                                      z_sigma__f3_mid) / -1.1386) * 1.061) + -1.2434))) - -0.004...
                                      576
───────────────────────────────────────────────────────────────────────────────────────────────────
════════════════════════════════════════════════════════════════════════════════════════════════════
Press 'q' and then <enter> to stop execution early.

Expressions evaluated per second: 2.750e+03
Progress: 666 / 1200 total iterations (55.500%)
════════════════════════════════════════════════════════════════════════════════════════════════════
───────────────────────────────────────────────────────────────────────────────────────────────────
Complexity  Loss       Score      Equation
1           5.674e-03  0.000e+00  y = 0.00026318
3           4.282e-03  1.407e-01  y = z_sigma__f3_mid * 0.091198
5           4.282e-03  3.427e-06  y = (z_sigma__f3_mid * 0.091313) + 6.6957e-05
7           4.280e-03  1.997e-04  y = (z_sigma__f3_mid * -4.1964) / (z_sigma__f3_mid + -45.4...
                                      32)
9           4.280e-03  8.166e-06  y = (z_sigma__f3_mid * -7.5139) / (z_sigma__f3_mid + (z_si...
                                      gma__f3_mid + -81.655))
10          3.666e-03  1.549e-01  y = z_sigma__f3_mid * ((-0.028665 / sqrt(z_sigma__f3_mid *...
                                       z_sigma__f3_mid)) - -0.12706)
12          3.642e-03  3.234e-03  y = (((-0.029392 / sqrt(z_sigma__f3_mid * z_sigma__f3_mid)...
                                      ) - -0.12849) * z_sigma__f3_mid) + 0.0042414
14          3.641e-03  1.116e-04  y = ((((0.13614 / sqrt(z_sigma__f3_mid * z_sigma__f3_mid))...
                                       - 0.58056) * z_sigma__f3_mid) / -4.5554) + 0.0053555
16          3.640e-03  1.396e-04  y = (((0.081617 / sqrt(z_sigma__f3_mid * z_sigma__f3_mid))...
                                       - 0.371) * z_sigma__f3_mid) / ((z_sigma__f3_mid * 0.25647...
                                      ) + -2.8119)
17          3.528e-03  3.139e-02  y = ((-0.049296 / sqrt(sqrt(z_sigma__f3_mid * z_sigma__f3_...
                                      mid))) - -0.14568) * (z_sigma__f3_mid / sqrt(sqrt(z_sigma_...
                                      _f3_mid * z_sigma__f3_mid)))
19          3.506e-03  3.054e-03  y = (((0.016573 / sqrt(z_sigma__f3_mid * z_sigma__f3_mid))...
                                       - 0.11741) * z_sigma__f3_mid) / ((sqrt(z_sigma__f3_mid * ...
                                      z_sigma__f3_mid) / -1.6857) + -0.42248)
23          3.498e-03  6.190e-04  y = (((0.045748 / sqrt(z_sigma__f3_mid * z_sigma__f3_mid))...
                                       - 0.2694) * (z_sigma__f3_mid / (((sqrt(z_sigma__f3_mid * ...
                                      z_sigma__f3_mid) / -1.1386) * 1.061) + -1.2434))) - -0.004...
                                      576
───────────────────────────────────────────────────────────────────────────────────────────────────
════════════════════════════════════════════════════════════════════════════════════════════════════
Press 'q' and then <enter> to stop execution early.

Expressions evaluated per second: 2.590e+03
Progress: 728 / 1200 total iterations (60.667%)
════════════════════════════════════════════════════════════════════════════════════════════════════
───────────────────────────────────────────────────────────────────────────────────────────────────
Complexity  Loss       Score      Equation
1           5.674e-03  0.000e+00  y = 0.00026318
3           4.282e-03  1.407e-01  y = z_sigma__f3_mid * 0.091198
5           4.282e-03  3.427e-06  y = (z_sigma__f3_mid * 0.091313) + 6.6957e-05
7           4.280e-03  1.997e-04  y = (z_sigma__f3_mid * -4.1964) / (z_sigma__f3_mid + -45.4...
                                      32)
9           4.280e-03  5.690e-05  y = (z_sigma__f3_mid * -4.1964) / (-45.432 - (z_sigma__f3_...
                                      mid * z_sigma__f3_mid))
10          3.666e-03  1.548e-01  y = z_sigma__f3_mid * ((-0.028665 / sqrt(z_sigma__f3_mid *...
                                       z_sigma__f3_mid)) - -0.12706)
12          3.642e-03  3.234e-03  y = (((-0.029392 / sqrt(z_sigma__f3_mid * z_sigma__f3_mid)...
                                      ) - -0.12849) * z_sigma__f3_mid) + 0.0042414
14          3.641e-03  1.116e-04  y = ((((0.13614 / sqrt(z_sigma__f3_mid * z_sigma__f3_mid))...
                                       - 0.58056) * z_sigma__f3_mid) / -4.5554) + 0.0053555
16          3.640e-03  1.750e-04  y = z_sigma__f3_mid * (((0.083237 / sqrt(z_sigma__f3_mid *...
                                       z_sigma__f3_mid)) - 0.37151) / ((z_sigma__f3_mid * 0.2558...
                                      6) + -2.8118))
17          3.527e-03  3.162e-02  y = (z_sigma__f3_mid / sqrt(sqrt(z_sigma__f3_mid * z_sigma...
                                      __f3_mid))) * ((-0.047881 / sqrt(sqrt(z_sigma__f3_mid * z_...
                                      sigma__f3_mid))) - -0.14268)
19          3.506e-03  2.904e-03  y = (((0.016573 / sqrt(z_sigma__f3_mid * z_sigma__f3_mid))...
                                       - 0.11741) * z_sigma__f3_mid) / ((sqrt(z_sigma__f3_mid * ...
                                      z_sigma__f3_mid) / -1.6857) + -0.42248)
21          3.500e-03  8.701e-04  y = (((0.045748 / sqrt(z_sigma__f3_mid * z_sigma__f3_mid))...
                                       - 0.2694) * (z_sigma__f3_mid / ((sqrt(z_sigma__f3_mid * z...
                                      _sigma__f3_mid) / -1.1386) + -1.2434))) - -0.004576
23          3.498e-03  3.680e-04  y = (((0.045748 / sqrt(z_sigma__f3_mid * z_sigma__f3_mid))...
                                       - 0.2694) * (z_sigma__f3_mid / (((sqrt(z_sigma__f3_mid * ...
                                      z_sigma__f3_mid) / -1.1386) * 1.061) + -1.2434))) - -0.004...
                                      576
───────────────────────────────────────────────────────────────────────────────────────────────────
════════════════════════════════════════════════════════════════════════════════════════════════════
Press 'q' and then <enter> to stop execution early.

Expressions evaluated per second: 2.630e+03
Progress: 774 / 1200 total iterations (64.500%)
════════════════════════════════════════════════════════════════════════════════════════════════════
───────────────────────────────────────────────────────────────────────────────────────────────────
Complexity  Loss       Score      Equation
1           5.674e-03  0.000e+00  y = 0.00026318
3           4.282e-03  1.407e-01  y = z_sigma__f3_mid * 0.091198
5           4.282e-03  3.427e-06  y = (z_sigma__f3_mid * 0.091313) + 6.6957e-05
7           4.280e-03  1.997e-04  y = (z_sigma__f3_mid * -4.1964) / (z_sigma__f3_mid + -45.4...
                                      32)
9           4.280e-03  5.690e-05  y = (z_sigma__f3_mid * -4.1964) / (-45.432 - (z_sigma__f3_...
                                      mid * z_sigma__f3_mid))
10          3.666e-03  1.548e-01  y = z_sigma__f3_mid * ((-0.028665 / sqrt(z_sigma__f3_mid *...
                                       z_sigma__f3_mid)) - -0.12706)
12          3.642e-03  3.234e-03  y = (((-0.029392 / sqrt(z_sigma__f3_mid * z_sigma__f3_mid)...
                                      ) - -0.12849) * z_sigma__f3_mid) + 0.0042414
14          3.641e-03  1.116e-04  y = ((((0.13614 / sqrt(z_sigma__f3_mid * z_sigma__f3_mid))...
                                       - 0.58056) * z_sigma__f3_mid) / -4.5554) + 0.0053555
16          3.640e-03  1.750e-04  y = z_sigma__f3_mid * (((0.083237 / sqrt(z_sigma__f3_mid *...
                                       z_sigma__f3_mid)) - 0.37151) / ((z_sigma__f3_mid * 0.2558...
                                      6) + -2.8118))
17          3.527e-03  3.162e-02  y = (z_sigma__f3_mid / sqrt(sqrt(z_sigma__f3_mid * z_sigma...
                                      __f3_mid))) * ((-0.047881 / sqrt(sqrt(z_sigma__f3_mid * z_...
                                      sigma__f3_mid))) - -0.14268)
19          3.506e-03  2.904e-03  y = (((0.016573 / sqrt(z_sigma__f3_mid * z_sigma__f3_mid))...
                                       - 0.11741) * z_sigma__f3_mid) / ((sqrt(z_sigma__f3_mid * ...
                                      z_sigma__f3_mid) / -1.6857) + -0.42248)
21          3.493e-03  1.869e-03  y = ((z_sigma__f3_mid * ((0.045579 / sqrt(z_sigma__f3_mid ...
                                      * z_sigma__f3_mid)) - 0.30429)) / ((sqrt(z_sigma__f3_mid *...
                                       z_sigma__f3_mid) * -1.2388) + -1.2389)) - -0.0034513
23          3.485e-03  1.133e-03  y = (((z_sigma__f3_mid * ((0.045866 / sqrt(z_sigma__f3_mid...
                                       * z_sigma__f3_mid)) - 0.31026)) + -0.028734) / ((sqrt(z_s...
                                      igma__f3_mid * z_sigma__f3_mid) * -1.2379) + -1.247)) - 0....
                                      016758
───────────────────────────────────────────────────────────────────────────────────────────────────
════════════════════════════════════════════════════════════════════════════════════════════════════
Press 'q' and then <enter> to stop execution early.

Expressions evaluated per second: 2.520e+03
Progress: 834 / 1200 total iterations (69.500%)
════════════════════════════════════════════════════════════════════════════════════════════════════
───────────────────────────────────────────────────────────────────────────────────────────────────
Complexity  Loss       Score      Equation
1           5.674e-03  0.000e+00  y = 0.00026318
3           4.282e-03  1.407e-01  y = z_sigma__f3_mid * 0.091198
5           4.282e-03  3.427e-06  y = (z_sigma__f3_mid * 0.091313) + 6.6957e-05
7           4.280e-03  1.997e-04  y = (z_sigma__f3_mid * -4.1964) / (z_sigma__f3_mid + -45.4...
                                      32)
9           4.280e-03  5.690e-05  y = (z_sigma__f3_mid * -4.1964) / (-45.432 - (z_sigma__f3_...
                                      mid * z_sigma__f3_mid))
10          3.666e-03  1.548e-01  y = z_sigma__f3_mid * ((-0.028665 / sqrt(z_sigma__f3_mid *...
                                       z_sigma__f3_mid)) - -0.12706)
12          3.642e-03  3.307e-03  y = (z_sigma__f3_mid * ((-0.029275 / sqrt(z_sigma__f3_mid ...
                                      * z_sigma__f3_mid)) - -0.12582)) - -0.0048448
14          3.641e-03  3.925e-05  y = ((((0.13614 / sqrt(z_sigma__f3_mid * z_sigma__f3_mid))...
                                       - 0.58056) * z_sigma__f3_mid) / -4.5554) + 0.0053555
16          3.640e-03  1.750e-04  y = z_sigma__f3_mid * (((0.083237 / sqrt(z_sigma__f3_mid *...
                                       z_sigma__f3_mid)) - 0.37151) / ((z_sigma__f3_mid * 0.2558...
                                      6) + -2.8118))
17          3.527e-03  3.162e-02  y = (z_sigma__f3_mid / sqrt(sqrt(z_sigma__f3_mid * z_sigma...
                                      __f3_mid))) * ((-0.047881 / sqrt(sqrt(z_sigma__f3_mid * z_...
                                      sigma__f3_mid))) - -0.14268)
19          3.505e-03  3.155e-03  y = (z_sigma__f3_mid * ((0.042633 / sqrt(z_sigma__f3_mid *...
                                       z_sigma__f3_mid)) - 0.28333)) / ((sqrt(z_sigma__f3_mid * ...
                                      z_sigma__f3_mid) * -1.237) + -1.1677)
21          3.493e-03  1.618e-03  y = ((z_sigma__f3_mid * ((0.045579 / sqrt(z_sigma__f3_mid ...
                                      * z_sigma__f3_mid)) - 0.30429)) / ((sqrt(z_sigma__f3_mid *...
                                       z_sigma__f3_mid) * -1.2388) + -1.2389)) - -0.0034513
23          3.485e-03  1.133e-03  y = (((z_sigma__f3_mid * ((0.045866 / sqrt(z_sigma__f3_mid...
                                       * z_sigma__f3_mid)) - 0.31026)) + -0.028734) / ((sqrt(z_s...
                                      igma__f3_mid * z_sigma__f3_mid) * -1.2379) + -1.247)) - 0....
                                      016758
───────────────────────────────────────────────────────────────────────────────────────────────────
════════════════════════════════════════════════════════════════════════════════════════════════════
Press 'q' and then <enter> to stop execution early.

Expressions evaluated per second: 2.450e+03
Progress: 895 / 1200 total iterations (74.583%)
════════════════════════════════════════════════════════════════════════════════════════════════════
───────────────────────────────────────────────────────────────────────────────────────────────────
Complexity  Loss       Score      Equation
1           5.674e-03  0.000e+00  y = 0.00026318
3           4.282e-03  1.407e-01  y = z_sigma__f3_mid * 0.091198
5           4.282e-03  3.427e-06  y = (z_sigma__f3_mid * 0.091313) + 6.6957e-05
7           4.280e-03  1.997e-04  y = (z_sigma__f3_mid * -4.1964) / (z_sigma__f3_mid + -45.4...
                                      32)
9           4.280e-03  5.690e-05  y = (z_sigma__f3_mid * -4.1964) / (-45.432 - (z_sigma__f3_...
                                      mid * z_sigma__f3_mid))
10          3.666e-03  1.548e-01  y = z_sigma__f3_mid * ((-0.028665 / sqrt(z_sigma__f3_mid *...
                                       z_sigma__f3_mid)) - -0.12706)
12          3.642e-03  3.307e-03  y = (z_sigma__f3_mid * ((-0.029275 / sqrt(z_sigma__f3_mid ...
                                      * z_sigma__f3_mid)) - -0.12582)) - -0.0048448
14          3.641e-03  3.925e-05  y = ((((0.13614 / sqrt(z_sigma__f3_mid * z_sigma__f3_mid))...
                                       - 0.58056) * z_sigma__f3_mid) / -4.5554) + 0.0053555
16          3.640e-03  1.750e-04  y = z_sigma__f3_mid * (((0.083237 / sqrt(z_sigma__f3_mid *...
                                       z_sigma__f3_mid)) - 0.37151) / ((z_sigma__f3_mid * 0.2558...
                                      6) + -2.8118))
17          3.527e-03  3.162e-02  y = (z_sigma__f3_mid / sqrt(sqrt(z_sigma__f3_mid * z_sigma...
                                      __f3_mid))) * ((-0.047881 / sqrt(sqrt(z_sigma__f3_mid * z_...
                                      sigma__f3_mid))) - -0.14268)
19          3.505e-03  3.155e-03  y = (z_sigma__f3_mid * ((0.042633 / sqrt(z_sigma__f3_mid *...
                                       z_sigma__f3_mid)) - 0.28333)) / ((sqrt(z_sigma__f3_mid * ...
                                      z_sigma__f3_mid) * -1.237) + -1.1677)
21          3.493e-03  1.618e-03  y = ((z_sigma__f3_mid * ((0.045579 / sqrt(z_sigma__f3_mid ...
                                      * z_sigma__f3_mid)) - 0.30429)) / ((sqrt(z_sigma__f3_mid *...
                                       z_sigma__f3_mid) * -1.2388) + -1.2389)) - -0.0034513
23          3.485e-03  1.133e-03  y = (((z_sigma__f3_mid * ((0.045866 / sqrt(z_sigma__f3_mid...
                                       * z_sigma__f3_mid)) - 0.31026)) + -0.028734) / ((sqrt(z_s...
                                      igma__f3_mid * z_sigma__f3_mid) * -1.2379) + -1.247)) - 0....
                                      016758
───────────────────────────────────────────────────────────────────────────────────────────────────
════════════════════════════════════════════════════════════════════════════════════════════════════
Press 'q' and then <enter> to stop execution early.

Expressions evaluated per second: 2.400e+03
Progress: 949 / 1200 total iterations (79.083%)
════════════════════════════════════════════════════════════════════════════════════════════════════
───────────────────────────────────────────────────────────────────────────────────────────────────
Complexity  Loss       Score      Equation
1           5.674e-03  0.000e+00  y = 0.00026318
3           4.282e-03  1.407e-01  y = z_sigma__f3_mid * 0.091198
5           4.282e-03  3.427e-06  y = (z_sigma__f3_mid * 0.091313) + 6.6957e-05
7           4.280e-03  1.997e-04  y = (z_sigma__f3_mid * -4.1964) / (z_sigma__f3_mid + -45.4...
                                      32)
9           4.279e-03  1.425e-04  y = (z_sigma__f3_mid * -4.1964) / (-44.352 - (z_sigma__f3_...
                                      mid * z_sigma__f3_mid))
10          3.666e-03  1.546e-01  y = z_sigma__f3_mid * ((-0.028665 / sqrt(z_sigma__f3_mid *...
                                       z_sigma__f3_mid)) - -0.12706)
12          3.642e-03  3.307e-03  y = (z_sigma__f3_mid * ((-0.029275 / sqrt(z_sigma__f3_mid ...
                                      * z_sigma__f3_mid)) - -0.12582)) - -0.0048448
14          3.641e-03  3.925e-05  y = ((((0.13614 / sqrt(z_sigma__f3_mid * z_sigma__f3_mid))...
                                       - 0.58056) * z_sigma__f3_mid) / -4.5554) + 0.0053555
16          3.640e-03  1.750e-04  y = z_sigma__f3_mid * (((0.083237 / sqrt(z_sigma__f3_mid *...
                                       z_sigma__f3_mid)) - 0.37151) / ((z_sigma__f3_mid * 0.2558...
                                      6) + -2.8118))
17          3.527e-03  3.162e-02  y = (z_sigma__f3_mid / sqrt(sqrt(z_sigma__f3_mid * z_sigma...
                                      __f3_mid))) * ((-0.047881 / sqrt(sqrt(z_sigma__f3_mid * z_...
                                      sigma__f3_mid))) - -0.14268)
19          3.505e-03  3.155e-03  y = (z_sigma__f3_mid * ((0.042633 / sqrt(z_sigma__f3_mid *...
                                       z_sigma__f3_mid)) - 0.28333)) / ((sqrt(z_sigma__f3_mid * ...
                                      z_sigma__f3_mid) * -1.237) + -1.1677)
21          3.493e-03  1.618e-03  y = ((z_sigma__f3_mid * ((0.045579 / sqrt(z_sigma__f3_mid ...
                                      * z_sigma__f3_mid)) - 0.30429)) / ((sqrt(z_sigma__f3_mid *...
                                       z_sigma__f3_mid) * -1.2388) + -1.2389)) - -0.0034513
23          3.485e-03  1.133e-03  y = (((z_sigma__f3_mid * ((0.045866 / sqrt(z_sigma__f3_mid...
                                       * z_sigma__f3_mid)) - 0.31026)) + -0.028734) / ((sqrt(z_s...
                                      igma__f3_mid * z_sigma__f3_mid) * -1.2379) + -1.247)) - 0....
                                      016758
───────────────────────────────────────────────────────────────────────────────────────────────────
════════════════════════════════════════════════════════════════════════════════════════════════════
Press 'q' and then <enter> to stop execution early.

Expressions evaluated per second: 2.440e+03
Progress: 1005 / 1200 total iterations (83.750%)
════════════════════════════════════════════════════════════════════════════════════════════════════
───────────────────────────────────────────────────────────────────────────────────────────────────
Complexity  Loss       Score      Equation
1           5.674e-03  0.000e+00  y = 0.00026318
3           4.282e-03  1.407e-01  y = z_sigma__f3_mid * 0.091198
5           4.282e-03  3.427e-06  y = (z_sigma__f3_mid * 0.091313) + 6.6957e-05
7           4.280e-03  1.997e-04  y = (z_sigma__f3_mid * -4.1964) / (z_sigma__f3_mid + -45.4...
                                      32)
9           4.279e-03  1.425e-04  y = (z_sigma__f3_mid * -4.1964) / (-44.352 - (z_sigma__f3_...
                                      mid * z_sigma__f3_mid))
10          3.666e-03  1.546e-01  y = z_sigma__f3_mid * ((-0.028665 / sqrt(z_sigma__f3_mid *...
                                       z_sigma__f3_mid)) - -0.12706)
12          3.642e-03  3.307e-03  y = (z_sigma__f3_mid * ((-0.029275 / sqrt(z_sigma__f3_mid ...
                                      * z_sigma__f3_mid)) - -0.12582)) - -0.0048448
14          3.641e-03  3.925e-05  y = ((((0.13614 / sqrt(z_sigma__f3_mid * z_sigma__f3_mid))...
                                       - 0.58056) * z_sigma__f3_mid) / -4.5554) + 0.0053555
16          3.640e-03  1.750e-04  y = z_sigma__f3_mid * (((0.083237 / sqrt(z_sigma__f3_mid *...
                                       z_sigma__f3_mid)) - 0.37151) / ((z_sigma__f3_mid * 0.2558...
                                      6) + -2.8118))
17          3.527e-03  3.162e-02  y = (z_sigma__f3_mid / sqrt(sqrt(z_sigma__f3_mid * z_sigma...
                                      __f3_mid))) * ((-0.047881 / sqrt(sqrt(z_sigma__f3_mid * z_...
                                      sigma__f3_mid))) - -0.14268)
19          3.504e-03  3.240e-03  y = (z_sigma__f3_mid * ((0.052618 / sqrt(z_sigma__f3_mid *...
                                       z_sigma__f3_mid)) + -0.35668)) / ((sqrt(z_sigma__f3_mid *...
                                       z_sigma__f3_mid) * -1.6001) + -1.4251)
21          3.493e-03  1.533e-03  y = ((z_sigma__f3_mid * ((0.045579 / sqrt(z_sigma__f3_mid ...
                                      * z_sigma__f3_mid)) - 0.30429)) / ((sqrt(z_sigma__f3_mid *...
                                       z_sigma__f3_mid) * -1.2388) + -1.2389)) - -0.0034513
23          3.479e-03  2.040e-03  y = (((((0.045866 / sqrt(z_sigma__f3_mid * z_sigma__f3_mid...
                                      )) - 0.31026) * z_sigma__f3_mid) + -0.028734) / ((sqrt(z_s...
                                      igma__f3_mid * z_sigma__f3_mid) * -1.4048) + -1.247)) - 0....
                                      016758
24          3.478e-03  2.841e-04  y = (((((0.045866 / sqrt(z_sigma__f3_mid * z_sigma__f3_mid...
                                      )) - 0.31026) * z_sigma__f3_mid) + -0.028734) / ((log(0.24...
                                      541) * sqrt(z_sigma__f3_mid * z_sigma__f3_mid)) + -1.2272)...
                                      ) - 0.016758
───────────────────────────────────────────────────────────────────────────────────────────────────
════════════════════════════════════════════════════════════════════════════════════════════════════
Press 'q' and then <enter> to stop execution early.

Expressions evaluated per second: 2.650e+03
Progress: 1079 / 1200 total iterations (89.917%)
════════════════════════════════════════════════════════════════════════════════════════════════════
───────────────────────────────────────────────────────────────────────────────────────────────────
Complexity  Loss       Score      Equation
1           5.674e-03  0.000e+00  y = 0.00026318
3           4.282e-03  1.407e-01  y = z_sigma__f3_mid * 0.091198
5           4.282e-03  3.427e-06  y = (z_sigma__f3_mid * 0.091313) + 6.6957e-05
7           4.280e-03  2.184e-04  y = (z_sigma__f3_mid * -2.9069) / (z_sigma__f3_mid + -31.3...
                                      78)
9           4.279e-03  1.237e-04  y = (z_sigma__f3_mid * -4.1964) / (-44.352 - (z_sigma__f3_...
                                      mid * z_sigma__f3_mid))
10          3.666e-03  1.546e-01  y = z_sigma__f3_mid * ((-0.028665 / sqrt(z_sigma__f3_mid *...
                                       z_sigma__f3_mid)) - -0.12706)
12          3.642e-03  3.307e-03  y = (z_sigma__f3_mid * ((-0.029275 / sqrt(z_sigma__f3_mid ...
                                      * z_sigma__f3_mid)) - -0.12582)) - -0.0048448
14          3.641e-03  3.925e-05  y = ((((0.13614 / sqrt(z_sigma__f3_mid * z_sigma__f3_mid))...
                                       - 0.58056) * z_sigma__f3_mid) / -4.5554) + 0.0053555
16          3.640e-03  1.750e-04  y = z_sigma__f3_mid * (((0.083237 / sqrt(z_sigma__f3_mid *...
                                       z_sigma__f3_mid)) - 0.37151) / ((z_sigma__f3_mid * 0.2558...
                                      6) + -2.8118))
17          3.527e-03  3.162e-02  y = (z_sigma__f3_mid / sqrt(sqrt(z_sigma__f3_mid * z_sigma...
                                      __f3_mid))) * ((-0.047881 / sqrt(sqrt(z_sigma__f3_mid * z_...
                                      sigma__f3_mid))) - -0.14268)
19          3.504e-03  3.240e-03  y = (z_sigma__f3_mid * ((0.052618 / sqrt(z_sigma__f3_mid *...
                                       z_sigma__f3_mid)) + -0.35668)) / ((sqrt(z_sigma__f3_mid *...
                                       z_sigma__f3_mid) * -1.6001) + -1.4251)
21          3.493e-03  1.533e-03  y = ((z_sigma__f3_mid * ((0.045579 / sqrt(z_sigma__f3_mid ...
                                      * z_sigma__f3_mid)) - 0.30429)) / ((sqrt(z_sigma__f3_mid *...
                                       z_sigma__f3_mid) * -1.2388) + -1.2389)) - -0.0034513
23          3.478e-03  2.241e-03  y = (((((0.047465 / sqrt(z_sigma__f3_mid * z_sigma__f3_mid...
                                      )) - 0.31095) * z_sigma__f3_mid) + -0.027308) / ((sqrt(z_s...
                                      igma__f3_mid * z_sigma__f3_mid) * -1.4045) + -1.2274)) - 0...
                                      .014994
───────────────────────────────────────────────────────────────────────────────────────────────────
════════════════════════════════════════════════════════════════════════════════════════════════════
Press 'q' and then <enter> to stop execution early.

Expressions evaluated per second: 2.580e+03
Progress: 1129 / 1200 total iterations (94.083%)
════════════════════════════════════════════════════════════════════════════════════════════════════
───────────────────────────────────────────────────────────────────────────────────────────────────
Complexity  Loss       Score      Equation
1           5.674e-03  0.000e+00  y = 0.00026318
3           4.282e-03  1.407e-01  y = z_sigma__f3_mid * 0.091198
5           4.282e-03  3.427e-06  y = (z_sigma__f3_mid * 0.091313) + 6.6957e-05
7           4.280e-03  2.184e-04  y = (z_sigma__f3_mid * -2.9069) / (z_sigma__f3_mid + -31.3...
                                      78)
9           4.279e-03  1.237e-04  y = (z_sigma__f3_mid * -4.1964) / (-44.352 - (z_sigma__f3_...
                                      mid * z_sigma__f3_mid))
10          3.666e-03  1.546e-01  y = z_sigma__f3_mid * ((-0.028665 / sqrt(z_sigma__f3_mid *...
                                       z_sigma__f3_mid)) - -0.12706)
12          3.642e-03  3.307e-03  y = (z_sigma__f3_mid * ((-0.029275 / sqrt(z_sigma__f3_mid ...
                                      * z_sigma__f3_mid)) - -0.12582)) - -0.0048448
14          3.641e-03  3.925e-05  y = ((((0.13614 / sqrt(z_sigma__f3_mid * z_sigma__f3_mid))...
                                       - 0.58056) * z_sigma__f3_mid) / -4.5554) + 0.0053555
16          3.640e-03  1.750e-04  y = z_sigma__f3_mid * (((0.083237 / sqrt(z_sigma__f3_mid *...
                                       z_sigma__f3_mid)) - 0.37151) / ((z_sigma__f3_mid * 0.2558...
                                      6) + -2.8118))
17          3.527e-03  3.162e-02  y = (z_sigma__f3_mid / sqrt(sqrt(z_sigma__f3_mid * z_sigma...
                                      __f3_mid))) * ((-0.047881 / sqrt(sqrt(z_sigma__f3_mid * z_...
                                      sigma__f3_mid))) - -0.14268)
19          3.504e-03  3.240e-03  y = (z_sigma__f3_mid * ((0.052618 / sqrt(z_sigma__f3_mid *...
                                       z_sigma__f3_mid)) + -0.35668)) / ((sqrt(z_sigma__f3_mid *...
                                       z_sigma__f3_mid) * -1.6001) + -1.4251)
21          3.493e-03  1.566e-03  y = ((z_sigma__f3_mid * ((0.04652 / sqrt(z_sigma__f3_mid *...
                                       z_sigma__f3_mid)) - 0.31753)) / ((sqrt(z_sigma__f3_mid * ...
                                      z_sigma__f3_mid) * -1.4188) + -1.2265)) + 0.0024238
23          3.478e-03  2.208e-03  y = (((((0.047465 / sqrt(z_sigma__f3_mid * z_sigma__f3_mid...
                                      )) - 0.31095) * z_sigma__f3_mid) + -0.027308) / ((sqrt(z_s...
                                      igma__f3_mid * z_sigma__f3_mid) * -1.4045) + -1.2274)) - 0...
                                      .014994
───────────────────────────────────────────────────────────────────────────────────────────────────
════════════════════════════════════════════════════════════════════════════════════════════════════
Press 'q' and then <enter> to stop execution early.

Expressions evaluated per second: 2.720e+03
Progress: 1196 / 1200 total iterations (99.667%)
════════════════════════════════════════════════════════════════════════════════════════════════════
───────────────────────────────────────────────────────────────────────────────────────────────────
Complexity  Loss       Score      Equation
1           5.674e-03  0.000e+00  y = 0.00026318
3           4.282e-03  1.407e-01  y = z_sigma__f3_mid * 0.091198
5           4.282e-03  3.427e-06  y = (z_sigma__f3_mid * 0.091313) + 6.6957e-05
7           4.280e-03  2.184e-04  y = (z_sigma__f3_mid * -2.9069) / (z_sigma__f3_mid + -31.3...
                                      78)
9           4.279e-03  1.237e-04  y = (z_sigma__f3_mid * -4.1964) / (-44.352 - (z_sigma__f3_...
                                      mid * z_sigma__f3_mid))
10          3.666e-03  1.546e-01  y = z_sigma__f3_mid * ((-0.028665 / sqrt(z_sigma__f3_mid *...
                                       z_sigma__f3_mid)) - -0.12706)
12          3.642e-03  3.307e-03  y = (z_sigma__f3_mid * ((-0.029275 / sqrt(z_sigma__f3_mid ...
                                      * z_sigma__f3_mid)) - -0.12582)) - -0.0048448
14          3.641e-03  3.925e-05  y = ((((0.13614 / sqrt(z_sigma__f3_mid * z_sigma__f3_mid))...
                                       - 0.58056) * z_sigma__f3_mid) / -4.5554) + 0.0053555
16          3.640e-03  1.750e-04  y = z_sigma__f3_mid * (((0.083237 / sqrt(z_sigma__f3_mid *...
                                       z_sigma__f3_mid)) - 0.37151) / ((z_sigma__f3_mid * 0.2558...
                                      6) + -2.8118))
17          3.527e-03  3.162e-02  y = (z_sigma__f3_mid / sqrt(sqrt(z_sigma__f3_mid * z_sigma...
                                      __f3_mid))) * ((-0.047881 / sqrt(sqrt(z_sigma__f3_mid * z_...
                                      sigma__f3_mid))) - -0.14268)
19          3.504e-03  3.240e-03  y = (z_sigma__f3_mid * ((0.052618 / sqrt(z_sigma__f3_mid *...
                                       z_sigma__f3_mid)) + -0.35668)) / ((sqrt(z_sigma__f3_mid *...
                                       z_sigma__f3_mid) * -1.6001) + -1.4251)
21          3.493e-03  1.566e-03  y = ((z_sigma__f3_mid * ((0.04652 / sqrt(z_sigma__f3_mid *...
                                       z_sigma__f3_mid)) - 0.31753)) / ((sqrt(z_sigma__f3_mid * ...
                                      z_sigma__f3_mid) * -1.4188) + -1.2265)) + 0.0024238
23          3.478e-03  2.208e-03  y = (((((0.047465 / sqrt(z_sigma__f3_mid * z_sigma__f3_mid...
                                      )) - 0.31095) * z_sigma__f3_mid) + -0.027308) / ((sqrt(z_s...
                                      igma__f3_mid * z_sigma__f3_mid) * -1.4045) + -1.2274)) - 0...
                                      .014994
───────────────────────────────────────────────────────────────────────────────────────────────────
════════════════════════════════════════════════════════════════════════════════════════════════════
Press 'q' and then <enter> to stop execution early.
[ Info: Final population:
───────────────────────────────────────────────────────────────────────────────────────────────────
Complexity  Loss       Score      Equation
1           5.674e-03  0.000e+00  y = 0.00026318
3           4.282e-03  1.407e-01  y = z_sigma__f3_mid * 0.091198
5           4.282e-03  3.427e-06  y = (z_sigma__f3_mid * 0.091313) + 6.6957e-05
7           4.280e-03  2.184e-04  y = (z_sigma__f3_mid * -2.9069) / (z_sigma__f3_mid + -31.3...
                                      78)
9           4.279e-03  1.237e-04  y = (z_sigma__f3_mid * -4.1964) / (-44.352 - (z_sigma__f3_...
                                      mid * z_sigma__f3_mid))
10          3.666e-03  1.546e-01  y = z_sigma__f3_mid * ((-0.028665 / sqrt(z_sigma__f3_mid *...
                                       z_sigma__f3_mid)) - -0.12706)
12          3.642e-03  3.307e-03  y = (z_sigma__f3_mid * ((-0.029275 / sqrt(z_sigma__f3_mid ...
                                      * z_sigma__f3_mid)) - -0.12582)) - -0.0048448
14          3.641e-03  3.925e-05  y = ((((0.13614 / sqrt(z_sigma__f3_mid * z_sigma__f3_mid))...
                                       - 0.58056) * z_sigma__f3_mid) / -4.5554) + 0.0053555
16          3.640e-03  1.750e-04  y = z_sigma__f3_mid * (((0.083237 / sqrt(z_sigma__f3_mid *...
                                       z_sigma__f3_mid)) - 0.37151) / ((z_sigma__f3_mid * 0.2558...
                                      6) + -2.8118))
17          3.527e-03  3.162e-02  y = (z_sigma__f3_mid / sqrt(sqrt(z_sigma__f3_mid * z_sigma...
                                      __f3_mid))) * ((-0.047881 / sqrt(sqrt(z_sigma__f3_mid * z_...
                                      sigma__f3_mid))) - -0.14268)
19          3.504e-03  3.240e-03  y = (z_sigma__f3_mid * ((0.052618 / sqrt(z_sigma__f3_mid *...
                                       z_sigma__f3_mid)) + -0.35668)) / ((sqrt(z_sigma__f3_mid *...
                                       z_sigma__f3_mid) * -1.6001) + -1.4251)
21          3.493e-03  1.566e-03  y = ((z_sigma__f3_mid * ((0.04652 / sqrt(z_sigma__f3_mid *...
                                       z_sigma__f3_mid)) - 0.31753)) / ((sqrt(z_sigma__f3_mid * ...
                                      z_sigma__f3_mid) * -1.4188) + -1.2265)) + 0.0024238
23          3.478e-03  2.208e-03  y = (((((0.047465 / sqrt(z_sigma__f3_mid * z_sigma__f3_mid...
                                      )) - 0.31095) * z_sigma__f3_mid) + -0.027308) / ((sqrt(z_s...
                                      igma__f3_mid * z_sigma__f3_mid) * -1.4045) + -1.2274)) - 0...
                                      .014994
───────────────────────────────────────────────────────────────────────────────────────────────────
[ Info: Results saved to:
  - C:/MasterThesis_Project_R/surrogate_model/global_symbolic_regression/artifacts/F3/F3-F1/20260818T205339/runs/formal_a/pysr_runs\f3f1_formal_a_s42\hall_of_fame.csv
Worker complete: validation_RMSE=0.051734604, selected=11, source=pysr_hall_of_fame, complexity=19, fit_seconds=129.0
